2024-10-29 15:08:04,493 - INFO - Starting InstruPy MQTT client... Log file is initialized.
2024-10-29 15:08:04,506 - INFO - Connected to MQTT Broker!
2024-10-29 15:08:04,506 - INFO - Subscribed to topic: evaluators/InstruPy/InstrumentPerformance
2024-10-29 15:08:08,213 - DEBUG - Message received on topic evaluators/InstruPy/InstrumentPerformance: {"workflow_id":"e258a9b4-14d5-4e5f-a304-838d8599ec2c","result_topic":"TSE","metric":"InstrumentScore","function":"InstrumentPerformance","architecture":{"@type":"Architecture","spaceSegment":[{"satellites":[{"techReadinessLevel":9,"acronym":"MicroMAS-2","@type":"Satellite","commBand":["X"],"mass":4,"stabilizationType":"AXIS_3","volume":0.003,"isGroundCommand":true,"payload":[{"scanTechnique":"PUSHBROOM","techReadinessLevel":9,"@type":"Passive Optical Scanner","mass":1,"numberOfDetectorsColsCrossTrack":[4096,6144,8192],"numberOfDetectorsRowsAlongTrack":1,"dataRate":384,"quantumEff":0.9,"mountType":"BODY","opticsSysEff":0.8,"detectorWidth":[0.00002,0.000036,0.00005],"power":1,"Fnum":6.4,"orientation":{"convention":"SIDE_LOOK","sideLookAngle":0,"@type":"Orientation"},"numOfReadOutE":20,"bandwidth":6.5E-8,"acronym":"Landsat 10 Blue Band","bitsPerPixel":12,"snrThreshold":25,"volume":0.0001,"apertureDia":[0.1,0.132,0.15],"maxDetectorExposureTime":0.0036,"operatingWavelength":4.85E-7,"fieldOfView":{"sensorGeometry":"RECTANGULAR","@type":"FieldOfView","fullConeAngle":30,"crossTrackFieldOfView":114,"alongTrackFieldOfView":40},"name":"Landsat 10 Blue Band","targetBlackBodyTemp":290,"focalLength":[0.7,0.8451,1]}],"propellantType":"MONO_PROP","name":"MicroMAS-2","dryMass":2.5,"@id":"sat-0","power":9.1,"orbit":{"inclination":20,"periapsisArgument":0,"@type":"Orbit","semimajorAxis":6778.14,"orbitType":"KEPLERIAN","eccentricity":0,"rightAscensionAscendingNode":0,"trueAnomaly":0,"epoch":"2019-08-01T00:00:00Z"},"isSpare":false},{"techReadinessLevel":9,"acronym":"MicroMAS-2","@type":"Satellite","commBand":["X"],"mass":4,"stabilizationType":"AXIS_3","volume":0.003,"isGroundCommand":true,"payload":[{"scanTechnique":"PUSHBROOM","techReadinessLevel":9,"@type":"Passive Optical Scanner","mass":1,"numberOfDetectorsColsCrossTrack":[4096,6144,8192],"numberOfDetectorsRowsAlongTrack":1,"dataRate":384,"quantumEff":0.9,"mountType":"BODY","opticsSysEff":0.8,"detectorWidth":[0.00002,0.000036,0.00005],"power":1,"Fnum":6.4,"orientation":{"convention":"SIDE_LOOK","sideLookAngle":0,"@type":"Orientation"},"numOfReadOutE":20,"bandwidth":6.5E-8,"acronym":"Landsat 10 Blue Band","bitsPerPixel":12,"snrThreshold":25,"volume":0.0001,"apertureDia":[0.1,0.132,0.15],"maxDetectorExposureTime":0.0036,"operatingWavelength":4.85E-7,"fieldOfView":{"sensorGeometry":"RECTANGULAR","@type":"FieldOfView","fullConeAngle":30,"crossTrackFieldOfView":114,"alongTrackFieldOfView":40},"name":"Landsat 10 Blue Band","targetBlackBodyTemp":290,"focalLength":[0.7,0.8451,1]}],"propellantType":"MONO_PROP","name":"MicroMAS-2","dryMass":2.5,"@id":"sat-1","power":9.1,"orbit":{"inclination":20,"periapsisArgument":0,"@type":"Orbit","semimajorAxis":6778.14,"orbitType":"KEPLERIAN","eccentricity":0,"rightAscensionAscendingNode":0,"trueAnomaly":72,"epoch":"2019-08-01T00:00:00Z"},"isSpare":false},{"techReadinessLevel":9,"acronym":"MicroMAS-2","@type":"Satellite","commBand":["X"],"mass":4,"stabilizationType":"AXIS_3","volume":0.003,"isGroundCommand":true,"payload":[{"scanTechnique":"PUSHBROOM","techReadinessLevel":9,"@type":"Passive Optical Scanner","mass":1,"numberOfDetectorsColsCrossTrack":[4096,6144,8192],"numberOfDetectorsRowsAlongTrack":1,"dataRate":384,"quantumEff":0.9,"mountType":"BODY","opticsSysEff":0.8,"detectorWidth":[0.00002,0.000036,0.00005],"power":1,"Fnum":6.4,"orientation":{"convention":"SIDE_LOOK","sideLookAngle":0,"@type":"Orientation"},"numOfReadOutE":20,"bandwidth":6.5E-8,"acronym":"Landsat 10 Blue Band","bitsPerPixel":12,"snrThreshold":25,"volume":0.0001,"apertureDia":[0.1,0.132,0.15],"maxDetectorExposureTime":0.0036,"operatingWavelength":4.85E-7,"fieldOfView":{"sensorGeometry":"RECTANGULAR","@type":"FieldOfView","fullConeAngle":30,"crossTrackFieldOfView":114,"alongTrackFieldOfView":40},"name":"Landsat 10 Blue Band","targetBlackBodyTemp":290,"focalLength":[0.7,0.8451,1]}],"propellantType":"MONO_PROP","name":"MicroMAS-2","dryMass":2.5,"@id":"sat-2","power":9.1,"orbit":{"inclination":20,"periapsisArgument":0,"@type":"Orbit","semimajorAxis":6778.14,"orbitType":"KEPLERIAN","eccentricity":0,"rightAscensionAscendingNode":0,"trueAnomaly":144,"epoch":"2019-08-01T00:00:00Z"},"isSpare":false},{"techReadinessLevel":9,"acronym":"MicroMAS-2","@type":"Satellite","commBand":["X"],"mass":4,"stabilizationType":"AXIS_3","volume":0.003,"isGroundCommand":true,"payload":[{"scanTechnique":"PUSHBROOM","techReadinessLevel":9,"@type":"Passive Optical Scanner","mass":1,"numberOfDetectorsColsCrossTrack":[4096,6144,8192],"numberOfDetectorsRowsAlongTrack":1,"dataRate":384,"quantumEff":0.9,"mountType":"BODY","opticsSysEff":0.8,"detectorWidth":[0.00002,0.000036,0.00005],"power":1,"Fnum":6.4,"orientation":{"convention":"SIDE_LOOK","sideLookAngle":0,"@type":"Orientation"},"numOfReadOutE":20,"bandwidth":6.5E-8,"acronym":"Landsat 10 Blue Band","bitsPerPixel":12,"snrThreshold":25,"volume":0.0001,"apertureDia":[0.1,0.132,0.15],"maxDetectorExposureTime":0.0036,"operatingWavelength":4.85E-7,"fieldOfView":{"sensorGeometry":"RECTANGULAR","@type":"FieldOfView","fullConeAngle":30,"crossTrackFieldOfView":114,"alongTrackFieldOfView":40},"name":"Landsat 10 Blue Band","targetBlackBodyTemp":290,"focalLength":[0.7,0.8451,1]}],"propellantType":"MONO_PROP","name":"MicroMAS-2","dryMass":2.5,"@id":"sat-3","power":9.1,"orbit":{"inclination":20,"periapsisArgument":0,"@type":"Orbit","semimajorAxis":6778.14,"orbitType":"KEPLERIAN","eccentricity":0,"rightAscensionAscendingNode":0,"trueAnomaly":216,"epoch":"2019-08-01T00:00:00Z"},"isSpare":false},{"techReadinessLevel":9,"acronym":"MicroMAS-2","@type":"Satellite","commBand":["X"],"mass":4,"stabilizationType":"AXIS_3","volume":0.003,"isGroundCommand":true,"payload":[{"scanTechnique":"PUSHBROOM","techReadinessLevel":9,"@type":"Passive Optical Scanner","mass":1,"numberOfDetectorsColsCrossTrack":[4096,6144,8192],"numberOfDetectorsRowsAlongTrack":1,"dataRate":384,"quantumEff":0.9,"mountType":"BODY","opticsSysEff":0.8,"detectorWidth":[0.00002,0.000036,0.00005],"power":1,"Fnum":6.4,"orientation":{"convention":"SIDE_LOOK","sideLookAngle":0,"@type":"Orientation"},"numOfReadOutE":20,"bandwidth":6.5E-8,"acronym":"Landsat 10 Blue Band","bitsPerPixel":12,"snrThreshold":25,"volume":0.0001,"apertureDia":[0.1,0.132,0.15],"maxDetectorExposureTime":0.0036,"operatingWavelength":4.85E-7,"fieldOfView":{"sensorGeometry":"RECTANGULAR","@type":"FieldOfView","fullConeAngle":30,"crossTrackFieldOfView":114,"alongTrackFieldOfView":40},"name":"Landsat 10 Blue Band","targetBlackBodyTemp":290,"focalLength":[0.7,0.8451,1]}],"propellantType":"MONO_PROP","name":"MicroMAS-2","dryMass":2.5,"@id":"sat-4","power":9.1,"orbit":{"inclination":20,"periapsisArgument":0,"@type":"Orbit","semimajorAxis":6778.14,"orbitType":"KEPLERIAN","eccentricity":0,"rightAscensionAscendingNode":0,"trueAnomaly":288,"epoch":"2019-08-01T00:00:00Z"},"isSpare":false}],"numberPlanes":1,"numberSatellites":5,"@type":"Constellation","constellationType":"DELTA_HOMOGENEOUS","@id":"con-0","relativeSpacing":0}],"@id":"arch-0","groundSegment":[{"acronym":"TROPICS GN","@type":"GroundNetwork","name":"TROPICS ground network","numberStations":1,"groundStations":[{"elevation":1570,"agency":{"@type":"Agency","agencyType":"GOVERNMENT"},"acronym":"Wallops","@type":"GroundStation","commBand":["UHF"],"latitude":37.940194,"name":"Wallops","@id":"gs-0","longitude":-75.466389}]}]},"dependencies":{"InstrumentPerformance":{"level":3,"dependencies":{"AccessResponse":"http://localhost:5000/tatc/AccessResponse","OrbitPropagation":"http://localhost:5000/tatc/OrbitPropagation"}}}}
2024-10-29 15:08:10,866 - DEBUG - Processing request for workflow ID: e258a9b4-14d5-4e5f-a304-838d8599ec2c
2024-10-29 15:08:10,866 - DEBUG - Function to execute: InstrumentPerformance
2024-10-29 15:08:10,867 - DEBUG - Executing function: InstrumentPerformance
2024-10-29 15:08:10,867 - DEBUG - Requesting dependency AccessResponse from http://localhost:5000/tatc/AccessResponse
2024-10-29 15:11:45,203 - ERROR - Error requesting dependency AccessResponse: ('Connection aborted.', RemoteDisconnected('Remote end closed connection without response'))
2024-10-29 15:11:45,204 - ERROR - Exception details:
Traceback (most recent call last):
  File "/root/anaconda3/envs/foo/lib/python3.8/site-packages/urllib3/connectionpool.py", line 789, in urlopen
    response = self._make_request(
  File "/root/anaconda3/envs/foo/lib/python3.8/site-packages/urllib3/connectionpool.py", line 536, in _make_request
    response = conn.getresponse()
  File "/root/anaconda3/envs/foo/lib/python3.8/site-packages/urllib3/connection.py", line 507, in getresponse
    httplib_response = super().getresponse()
  File "/root/anaconda3/envs/foo/lib/python3.8/http/client.py", line 1348, in getresponse
    response.begin()
  File "/root/anaconda3/envs/foo/lib/python3.8/http/client.py", line 316, in begin
    version, status, reason = self._read_status()
  File "/root/anaconda3/envs/foo/lib/python3.8/http/client.py", line 285, in _read_status
    raise RemoteDisconnected("Remote end closed connection without"
http.client.RemoteDisconnected: Remote end closed connection without response

During handling of the above exception, another exception occurred:

Traceback (most recent call last):
  File "/root/anaconda3/envs/foo/lib/python3.8/site-packages/requests/adapters.py", line 667, in send
    resp = conn.urlopen(
  File "/root/anaconda3/envs/foo/lib/python3.8/site-packages/urllib3/connectionpool.py", line 843, in urlopen
    retries = retries.increment(
  File "/root/anaconda3/envs/foo/lib/python3.8/site-packages/urllib3/util/retry.py", line 474, in increment
    raise reraise(type(error), error, _stacktrace)
  File "/root/anaconda3/envs/foo/lib/python3.8/site-packages/urllib3/util/util.py", line 38, in reraise
    raise value.with_traceback(tb)
  File "/root/anaconda3/envs/foo/lib/python3.8/site-packages/urllib3/connectionpool.py", line 789, in urlopen
    response = self._make_request(
  File "/root/anaconda3/envs/foo/lib/python3.8/site-packages/urllib3/connectionpool.py", line 536, in _make_request
    response = conn.getresponse()
  File "/root/anaconda3/envs/foo/lib/python3.8/site-packages/urllib3/connection.py", line 507, in getresponse
    httplib_response = super().getresponse()
  File "/root/anaconda3/envs/foo/lib/python3.8/http/client.py", line 1348, in getresponse
    response.begin()
  File "/root/anaconda3/envs/foo/lib/python3.8/http/client.py", line 316, in begin
    version, status, reason = self._read_status()
  File "/root/anaconda3/envs/foo/lib/python3.8/http/client.py", line 285, in _read_status
    raise RemoteDisconnected("Remote end closed connection without"
urllib3.exceptions.ProtocolError: ('Connection aborted.', RemoteDisconnected('Remote end closed connection without response'))

During handling of the above exception, another exception occurred:

Traceback (most recent call last):
  File "/root/instrupy/http_manager.py", line 193, in execute_function
    response = requests.post(dependency_url, json=request_payload)
  File "/root/anaconda3/envs/foo/lib/python3.8/site-packages/requests/api.py", line 115, in post
    return request("post", url, data=data, json=json, **kwargs)
  File "/root/anaconda3/envs/foo/lib/python3.8/site-packages/requests/api.py", line 59, in request
    return session.request(method=method, url=url, **kwargs)
  File "/root/anaconda3/envs/foo/lib/python3.8/site-packages/requests/sessions.py", line 589, in request
    resp = self.send(prep, **send_kwargs)
  File "/root/anaconda3/envs/foo/lib/python3.8/site-packages/requests/sessions.py", line 703, in send
    r = adapter.send(request, **kwargs)
  File "/root/anaconda3/envs/foo/lib/python3.8/site-packages/requests/adapters.py", line 682, in send
    raise ConnectionError(err, request=request)
requests.exceptions.ConnectionError: ('Connection aborted.', RemoteDisconnected('Remote end closed connection without response'))
2024-10-29 15:11:45,216 - ERROR - Error processing request: ('Connection aborted.', RemoteDisconnected('Remote end closed connection without response'))
2024-10-29 15:11:45,216 - ERROR - Exception details:
Traceback (most recent call last):
  File "/root/anaconda3/envs/foo/lib/python3.8/site-packages/urllib3/connectionpool.py", line 789, in urlopen
    response = self._make_request(
  File "/root/anaconda3/envs/foo/lib/python3.8/site-packages/urllib3/connectionpool.py", line 536, in _make_request
    response = conn.getresponse()
  File "/root/anaconda3/envs/foo/lib/python3.8/site-packages/urllib3/connection.py", line 507, in getresponse
    httplib_response = super().getresponse()
  File "/root/anaconda3/envs/foo/lib/python3.8/http/client.py", line 1348, in getresponse
    response.begin()
  File "/root/anaconda3/envs/foo/lib/python3.8/http/client.py", line 316, in begin
    version, status, reason = self._read_status()
  File "/root/anaconda3/envs/foo/lib/python3.8/http/client.py", line 285, in _read_status
    raise RemoteDisconnected("Remote end closed connection without"
http.client.RemoteDisconnected: Remote end closed connection without response

During handling of the above exception, another exception occurred:

Traceback (most recent call last):
  File "/root/anaconda3/envs/foo/lib/python3.8/site-packages/requests/adapters.py", line 667, in send
    resp = conn.urlopen(
  File "/root/anaconda3/envs/foo/lib/python3.8/site-packages/urllib3/connectionpool.py", line 843, in urlopen
    retries = retries.increment(
  File "/root/anaconda3/envs/foo/lib/python3.8/site-packages/urllib3/util/retry.py", line 474, in increment
    raise reraise(type(error), error, _stacktrace)
  File "/root/anaconda3/envs/foo/lib/python3.8/site-packages/urllib3/util/util.py", line 38, in reraise
    raise value.with_traceback(tb)
  File "/root/anaconda3/envs/foo/lib/python3.8/site-packages/urllib3/connectionpool.py", line 789, in urlopen
    response = self._make_request(
  File "/root/anaconda3/envs/foo/lib/python3.8/site-packages/urllib3/connectionpool.py", line 536, in _make_request
    response = conn.getresponse()
  File "/root/anaconda3/envs/foo/lib/python3.8/site-packages/urllib3/connection.py", line 507, in getresponse
    httplib_response = super().getresponse()
  File "/root/anaconda3/envs/foo/lib/python3.8/http/client.py", line 1348, in getresponse
    response.begin()
  File "/root/anaconda3/envs/foo/lib/python3.8/http/client.py", line 316, in begin
    version, status, reason = self._read_status()
  File "/root/anaconda3/envs/foo/lib/python3.8/http/client.py", line 285, in _read_status
    raise RemoteDisconnected("Remote end closed connection without"
urllib3.exceptions.ProtocolError: ('Connection aborted.', RemoteDisconnected('Remote end closed connection without response'))

During handling of the above exception, another exception occurred:

Traceback (most recent call last):
  File "/root/instrupy/http_manager.py", line 136, in process_request
    result_data = self.execute_function(function_name, dependencies, architecture)
  File "/root/instrupy/http_manager.py", line 193, in execute_function
    response = requests.post(dependency_url, json=request_payload)
  File "/root/anaconda3/envs/foo/lib/python3.8/site-packages/requests/api.py", line 115, in post
    return request("post", url, data=data, json=json, **kwargs)
  File "/root/anaconda3/envs/foo/lib/python3.8/site-packages/requests/api.py", line 59, in request
    return session.request(method=method, url=url, **kwargs)
  File "/root/anaconda3/envs/foo/lib/python3.8/site-packages/requests/sessions.py", line 589, in request
    resp = self.send(prep, **send_kwargs)
  File "/root/anaconda3/envs/foo/lib/python3.8/site-packages/requests/sessions.py", line 703, in send
    r = adapter.send(request, **kwargs)
  File "/root/anaconda3/envs/foo/lib/python3.8/site-packages/requests/adapters.py", line 682, in send
    raise ConnectionError(err, request=request)
requests.exceptions.ConnectionError: ('Connection aborted.', RemoteDisconnected('Remote end closed connection without response'))
2024-10-29 15:12:08,819 - DEBUG - Message received on topic evaluators/InstruPy/InstrumentPerformance: {"workflow_id":"d1324743-0f2a-4b1e-94b7-0f72e85d4e8b","result_topic":"TSE","metric":"InstrumentScore","function":"InstrumentPerformance","architecture":{"@type":"Architecture","spaceSegment":[{"satellites":[{"techReadinessLevel":9,"acronym":"MicroMAS-2","@type":"Satellite","commBand":["X"],"mass":4,"stabilizationType":"AXIS_3","volume":0.003,"isGroundCommand":true,"payload":[{"scanTechnique":"PUSHBROOM","techReadinessLevel":9,"@type":"Passive Optical Scanner","mass":1,"numberOfDetectorsColsCrossTrack":[4096,6144,8192],"numberOfDetectorsRowsAlongTrack":1,"dataRate":384,"quantumEff":0.9,"mountType":"BODY","opticsSysEff":0.8,"detectorWidth":[0.00002,0.000036,0.00005],"power":1,"Fnum":6.4,"orientation":{"convention":"SIDE_LOOK","sideLookAngle":0,"@type":"Orientation"},"numOfReadOutE":20,"bandwidth":6.5E-8,"acronym":"Landsat 10 Blue Band","bitsPerPixel":12,"snrThreshold":25,"volume":0.0001,"apertureDia":[0.1,0.132,0.15],"maxDetectorExposureTime":0.0036,"operatingWavelength":4.85E-7,"fieldOfView":{"sensorGeometry":"RECTANGULAR","@type":"FieldOfView","fullConeAngle":30,"crossTrackFieldOfView":114,"alongTrackFieldOfView":40},"name":"Landsat 10 Blue Band","targetBlackBodyTemp":290,"focalLength":[0.7,0.8451,1]}],"propellantType":"MONO_PROP","name":"MicroMAS-2","dryMass":2.5,"@id":"sat-0","power":9.1,"orbit":{"inclination":0,"periapsisArgument":0,"@type":"Orbit","semimajorAxis":6878.14,"orbitType":"KEPLERIAN","eccentricity":0,"rightAscensionAscendingNode":0,"trueAnomaly":0,"epoch":"2019-08-01T00:00:00Z"},"isSpare":false},{"techReadinessLevel":9,"acronym":"MicroMAS-2","@type":"Satellite","commBand":["X"],"mass":4,"stabilizationType":"AXIS_3","volume":0.003,"isGroundCommand":true,"payload":[{"scanTechnique":"PUSHBROOM","techReadinessLevel":9,"@type":"Passive Optical Scanner","mass":1,"numberOfDetectorsColsCrossTrack":[4096,6144,8192],"numberOfDetectorsRowsAlongTrack":1,"dataRate":384,"quantumEff":0.9,"mountType":"BODY","opticsSysEff":0.8,"detectorWidth":[0.00002,0.000036,0.00005],"power":1,"Fnum":6.4,"orientation":{"convention":"SIDE_LOOK","sideLookAngle":0,"@type":"Orientation"},"numOfReadOutE":20,"bandwidth":6.5E-8,"acronym":"Landsat 10 Blue Band","bitsPerPixel":12,"snrThreshold":25,"volume":0.0001,"apertureDia":[0.1,0.132,0.15],"maxDetectorExposureTime":0.0036,"operatingWavelength":4.85E-7,"fieldOfView":{"sensorGeometry":"RECTANGULAR","@type":"FieldOfView","fullConeAngle":30,"crossTrackFieldOfView":114,"alongTrackFieldOfView":40},"name":"Landsat 10 Blue Band","targetBlackBodyTemp":290,"focalLength":[0.7,0.8451,1]}],"propellantType":"MONO_PROP","name":"MicroMAS-2","dryMass":2.5,"@id":"sat-1","power":9.1,"orbit":{"inclination":0,"periapsisArgument":0,"@type":"Orbit","semimajorAxis":6878.14,"orbitType":"KEPLERIAN","eccentricity":0,"rightAscensionAscendingNode":0,"trueAnomaly":72,"epoch":"2019-08-01T00:00:00Z"},"isSpare":false},{"techReadinessLevel":9,"acronym":"MicroMAS-2","@type":"Satellite","commBand":["X"],"mass":4,"stabilizationType":"AXIS_3","volume":0.003,"isGroundCommand":true,"payload":[{"scanTechnique":"PUSHBROOM","techReadinessLevel":9,"@type":"Passive Optical Scanner","mass":1,"numberOfDetectorsColsCrossTrack":[4096,6144,8192],"numberOfDetectorsRowsAlongTrack":1,"dataRate":384,"quantumEff":0.9,"mountType":"BODY","opticsSysEff":0.8,"detectorWidth":[0.00002,0.000036,0.00005],"power":1,"Fnum":6.4,"orientation":{"convention":"SIDE_LOOK","sideLookAngle":0,"@type":"Orientation"},"numOfReadOutE":20,"bandwidth":6.5E-8,"acronym":"Landsat 10 Blue Band","bitsPerPixel":12,"snrThreshold":25,"volume":0.0001,"apertureDia":[0.1,0.132,0.15],"maxDetectorExposureTime":0.0036,"operatingWavelength":4.85E-7,"fieldOfView":{"sensorGeometry":"RECTANGULAR","@type":"FieldOfView","fullConeAngle":30,"crossTrackFieldOfView":114,"alongTrackFieldOfView":40},"name":"Landsat 10 Blue Band","targetBlackBodyTemp":290,"focalLength":[0.7,0.8451,1]}],"propellantType":"MONO_PROP","name":"MicroMAS-2","dryMass":2.5,"@id":"sat-2","power":9.1,"orbit":{"inclination":0,"periapsisArgument":0,"@type":"Orbit","semimajorAxis":6878.14,"orbitType":"KEPLERIAN","eccentricity":0,"rightAscensionAscendingNode":0,"trueAnomaly":144,"epoch":"2019-08-01T00:00:00Z"},"isSpare":false},{"techReadinessLevel":9,"acronym":"MicroMAS-2","@type":"Satellite","commBand":["X"],"mass":4,"stabilizationType":"AXIS_3","volume":0.003,"isGroundCommand":true,"payload":[{"scanTechnique":"PUSHBROOM","techReadinessLevel":9,"@type":"Passive Optical Scanner","mass":1,"numberOfDetectorsColsCrossTrack":[4096,6144,8192],"numberOfDetectorsRowsAlongTrack":1,"dataRate":384,"quantumEff":0.9,"mountType":"BODY","opticsSysEff":0.8,"detectorWidth":[0.00002,0.000036,0.00005],"power":1,"Fnum":6.4,"orientation":{"convention":"SIDE_LOOK","sideLookAngle":0,"@type":"Orientation"},"numOfReadOutE":20,"bandwidth":6.5E-8,"acronym":"Landsat 10 Blue Band","bitsPerPixel":12,"snrThreshold":25,"volume":0.0001,"apertureDia":[0.1,0.132,0.15],"maxDetectorExposureTime":0.0036,"operatingWavelength":4.85E-7,"fieldOfView":{"sensorGeometry":"RECTANGULAR","@type":"FieldOfView","fullConeAngle":30,"crossTrackFieldOfView":114,"alongTrackFieldOfView":40},"name":"Landsat 10 Blue Band","targetBlackBodyTemp":290,"focalLength":[0.7,0.8451,1]}],"propellantType":"MONO_PROP","name":"MicroMAS-2","dryMass":2.5,"@id":"sat-3","power":9.1,"orbit":{"inclination":0,"periapsisArgument":0,"@type":"Orbit","semimajorAxis":6878.14,"orbitType":"KEPLERIAN","eccentricity":0,"rightAscensionAscendingNode":0,"trueAnomaly":216,"epoch":"2019-08-01T00:00:00Z"},"isSpare":false},{"techReadinessLevel":9,"acronym":"MicroMAS-2","@type":"Satellite","commBand":["X"],"mass":4,"stabilizationType":"AXIS_3","volume":0.003,"isGroundCommand":true,"payload":[{"scanTechnique":"PUSHBROOM","techReadinessLevel":9,"@type":"Passive Optical Scanner","mass":1,"numberOfDetectorsColsCrossTrack":[4096,6144,8192],"numberOfDetectorsRowsAlongTrack":1,"dataRate":384,"quantumEff":0.9,"mountType":"BODY","opticsSysEff":0.8,"detectorWidth":[0.00002,0.000036,0.00005],"power":1,"Fnum":6.4,"orientation":{"convention":"SIDE_LOOK","sideLookAngle":0,"@type":"Orientation"},"numOfReadOutE":20,"bandwidth":6.5E-8,"acronym":"Landsat 10 Blue Band","bitsPerPixel":12,"snrThreshold":25,"volume":0.0001,"apertureDia":[0.1,0.132,0.15],"maxDetectorExposureTime":0.0036,"operatingWavelength":4.85E-7,"fieldOfView":{"sensorGeometry":"RECTANGULAR","@type":"FieldOfView","fullConeAngle":30,"crossTrackFieldOfView":114,"alongTrackFieldOfView":40},"name":"Landsat 10 Blue Band","targetBlackBodyTemp":290,"focalLength":[0.7,0.8451,1]}],"propellantType":"MONO_PROP","name":"MicroMAS-2","dryMass":2.5,"@id":"sat-4","power":9.1,"orbit":{"inclination":0,"periapsisArgument":0,"@type":"Orbit","semimajorAxis":6878.14,"orbitType":"KEPLERIAN","eccentricity":0,"rightAscensionAscendingNode":0,"trueAnomaly":288,"epoch":"2019-08-01T00:00:00Z"},"isSpare":false}],"numberPlanes":1,"numberSatellites":5,"@type":"Constellation","constellationType":"DELTA_HOMOGENEOUS","@id":"con-0","relativeSpacing":0}],"@id":"arch-0","groundSegment":[{"acronym":"TROPICS GN","@type":"GroundNetwork","name":"TROPICS ground network","numberStations":1,"groundStations":[{"elevation":1570,"agency":{"@type":"Agency","agencyType":"GOVERNMENT"},"acronym":"Wallops","@type":"GroundStation","commBand":["UHF"],"latitude":37.940194,"name":"Wallops","@id":"gs-0","longitude":-75.466389}]}]},"dependencies":{"InstrumentPerformance":{"level":3,"dependencies":{"AccessResponse":"http://localhost:5000/tatc/AccessResponse","OrbitPropagation":"http://localhost:5000/tatc/OrbitPropagation"}}}}
2024-10-29 15:12:12,603 - DEBUG - Processing request for workflow ID: d1324743-0f2a-4b1e-94b7-0f72e85d4e8b
2024-10-29 15:12:12,604 - DEBUG - Function to execute: InstrumentPerformance
2024-10-29 15:12:12,605 - DEBUG - Executing function: InstrumentPerformance
2024-10-29 15:12:12,605 - DEBUG - Requesting dependency AccessResponse from http://localhost:5000/tatc/AccessResponse
2024-10-29 15:13:15,326 - DEBUG - Received result for dependency AccessResponse: {'evaluator': 'TAT-C', 'function': 'AccessResponse', 'results': ['{"satellites":[{"id":"sat-0","orbit":{"object_name":"MicroMAS-2","object_id":"1998-067A","epoch":"2019-08-01T00:00:00.728000","mean_motion":15.219346482765216,"eccentricity":0.0,"inclination":0.0,"ra_of_asc_node":0.0,"arg_of_pericenter":0.0,"mean_anomaly":0.0,"ephemeris_type":0,"classification_type":"U","norad_cat_id":0,"element_set_no":999,"rev_at_epoch":0,"bstar":0.0,"mean_motion_dot":0.0,"mean_motion_ddot":0.0},"payloads":[{"type":"BasicSensor","name":null,"id":"Atom","mass":100.5,"volume":0.75,"power":150.0,"orientation":[0.0,0.0,0.0,1.0],"field_of_view":{"type":"CircularGeometry","diameter":60.0},"data_rate":10.5,"bits_per_pixel":16}],"satellite_bus":null},{"id":"sat-1","orbit":{"object_name":"MicroMAS-2","object_id":"1998-067A","epoch":"2019-08-01T00:00:00.728000","mean_motion":15.219346482765216,"eccentricity":0.0,"inclination":0.0,"ra_of_asc_node":0.0,"arg_of_pericenter":0.0,"mean_anomaly":72.0,"ephemeris_type":0,"classification_type":"U","norad_cat_id":0,"element_set_no":999,"rev_at_epoch":0,"bstar":0.0,"mean_motion_dot":0.0,"mean_motion_ddot":0.0},"payloads":[{"type":"BasicSensor","name":null,"id":"Atom","mass":100.5,"volume":0.75,"power":150.0,"orientation":[0.0,0.0,0.0,1.0],"field_of_view":{"type":"CircularGeometry","diameter":60.0},"data_rate":10.5,"bits_per_pixel":16}],"satellite_bus":null},{"id":"sat-2","orbit":{"object_name":"MicroMAS-2","object_id":"1998-067A","epoch":"2019-08-01T00:00:00.728000","mean_motion":15.219346482765216,"eccentricity":0.0,"inclination":0.0,"ra_of_asc_node":0.0,"arg_of_pericenter":0.0,"mean_anomaly":144.0,"ephemeris_type":0,"classification_type":"U","norad_cat_id":0,"element_set_no":999,"rev_at_epoch":0,"bstar":0.0,"mean_motion_dot":0.0,"mean_motion_ddot":0.0},"payloads":[{"type":"BasicSensor","name":null,"id":"Atom","mass":100.5,"volume":0.75,"power":150.0,"orientation":[0.0,0.0,0.0,1.0],"field_of_view":{"type":"CircularGeometry","diameter":60.0},"data_rate":10.5,"bits_per_pixel":16}],"satellite_bus":null},{"id":"sat-3","orbit":{"object_name":"MicroMAS-2","object_id":"1998-067A","epoch":"2019-08-01T00:00:00.728000","mean_motion":15.219346482765216,"eccentricity":0.0,"inclination":0.0,"ra_of_asc_node":0.0,"arg_of_pericenter":0.0,"mean_anomaly":216.0,"ephemeris_type":0,"classification_type":"U","norad_cat_id":0,"element_set_no":999,"rev_at_epoch":0,"bstar":0.0,"mean_motion_dot":0.0,"mean_motion_ddot":0.0},"payloads":[{"type":"BasicSensor","name":null,"id":"Atom","mass":100.5,"volume":0.75,"power":150.0,"orientation":[0.0,0.0,0.0,1.0],"field_of_view":{"type":"CircularGeometry","diameter":60.0},"data_rate":10.5,"bits_per_pixel":16}],"satellite_bus":null},{"id":"sat-4","orbit":{"object_name":"MicroMAS-2","object_id":"1998-067A","epoch":"2019-08-01T00:00:00.728000","mean_motion":15.219346482765216,"eccentricity":0.0,"inclination":0.0,"ra_of_asc_node":0.0,"arg_of_pericenter":0.0,"mean_anomaly":288.0,"ephemeris_type":0,"classification_type":"U","norad_cat_id":0,"element_set_no":999,"rev_at_epoch":0,"bstar":0.0,"mean_motion_dot":0.0,"mean_motion_ddot":0.0},"payloads":[{"type":"BasicSensor","name":null,"id":"Atom","mass":100.5,"volume":0.75,"power":150.0,"orientation":[0.0,0.0,0.0,1.0],"field_of_view":{"type":"CircularGeometry","diameter":60.0},"data_rate":10.5,"bits_per_pixel":16}],"satellite_bus":null}],"time_step":"PT10S","targets":[{"id":36,"crs":null,"position":[-170.0,-40.0]},{"id":37,"crs":null,"position":[-150.0,-40.0]},{"id":38,"crs":null,"position":[-130.0,-40.0]},{"id":39,"crs":null,"position":[-110.0,-40.0]},{"id":40,"crs":null,"position":[-90.0,-40.0]},{"id":41,"crs":null,"position":[-70.0,-40.0]},{"id":42,"crs":null,"position":[-50.0,-40.0]},{"id":43,"crs":null,"position":[-30.0,-40.0]},{"id":44,"crs":null,"position":[-10.0,-40.0]},{"id":45,"crs":null,"position":[10.0,-40.0]},{"id":46,"crs":null,"position":[30.0,-40.0]},{"id":47,"crs":null,"position":[50.0,-40.0]},{"id":48,"crs":null,"position":[70.0,-40.0]},{"id":49,"crs":null,"position":[90.0,-40.0]},{"id":50,"crs":null,"position":[110.0,-40.0]},{"id":51,"crs":null,"position":[130.0,-40.0]},{"id":52,"crs":null,"position":[150.0,-40.0]},{"id":53,"crs":null,"position":[170.0,-40.0]},{"id":54,"crs":null,"position":[-170.0,-20.0]},{"id":55,"crs":null,"position":[-150.0,-20.0]},{"id":56,"crs":null,"position":[-130.0,-20.0]},{"id":57,"crs":null,"position":[-110.0,-20.0]},{"id":58,"crs":null,"position":[-90.0,-20.0]},{"id":59,"crs":null,"position":[-70.0,-20.0]},{"id":60,"crs":null,"position":[-50.0,-20.0]},{"id":61,"crs":null,"position":[-30.0,-20.0]},{"id":62,"crs":null,"position":[-10.0,-20.0]},{"id":63,"crs":null,"position":[10.0,-20.0]},{"id":64,"crs":null,"position":[30.0,-20.0]},{"id":65,"crs":null,"position":[50.0,-20.0]},{"id":66,"crs":null,"position":[70.0,-20.0]},{"id":67,"crs":null,"position":[90.0,-20.0]},{"id":68,"crs":null,"position":[110.0,-20.0]},{"id":69,"crs":null,"position":[130.0,-20.0]},{"id":70,"crs":null,"position":[150.0,-20.0]},{"id":71,"crs":null,"position":[170.0,-20.0]},{"id":72,"crs":null,"position":[-170.0,0.0]},{"id":73,"crs":null,"position":[-150.0,0.0]},{"id":74,"crs":null,"position":[-130.0,0.0]},{"id":75,"crs":null,"position":[-110.0,0.0]},{"id":76,"crs":null,"position":[-90.0,0.0]},{"id":77,"crs":null,"position":[-70.0,0.0]},{"id":78,"crs":null,"position":[-50.0,0.0]},{"id":79,"crs":null,"position":[-30.0,0.0]},{"id":80,"crs":null,"position":[-10.0,0.0]},{"id":81,"crs":null,"position":[10.0,0.0]},{"id":82,"crs":null,"position":[30.0,0.0]},{"id":83,"crs":null,"position":[50.0,0.0]},{"id":84,"crs":null,"position":[70.0,0.0]},{"id":85,"crs":null,"position":[90.0,0.0]},{"id":86,"crs":null,"position":[110.0,0.0]},{"id":87,"crs":null,"position":[130.0,0.0]},{"id":88,"crs":null,"position":[150.0,0.0]},{"id":89,"crs":null,"position":[170.0,0.0]},{"id":90,"crs":null,"position":[-170.0,20.0]},{"id":91,"crs":null,"position":[-150.0,20.0]},{"id":92,"crs":null,"position":[-130.0,20.0]},{"id":93,"crs":null,"position":[-110.0,20.0]},{"id":94,"crs":null,"position":[-90.0,20.0]},{"id":95,"crs":null,"position":[-70.0,20.0]},{"id":96,"crs":null,"position":[-50.0,20.0]},{"id":97,"crs":null,"position":[-30.0,20.0]},{"id":98,"crs":null,"position":[-10.0,20.0]},{"id":99,"crs":null,"position":[10.0,20.0]},{"id":100,"crs":null,"position":[30.0,20.0]},{"id":101,"crs":null,"position":[50.0,20.0]},{"id":102,"crs":null,"position":[70.0,20.0]},{"id":103,"crs":null,"position":[90.0,20.0]},{"id":104,"crs":null,"position":[110.0,20.0]},{"id":105,"crs":null,"position":[130.0,20.0]},{"id":106,"crs":null,"position":[150.0,20.0]},{"id":107,"crs":null,"position":[170.0,20.0]},{"id":108,"crs":null,"position":[-170.0,40.0]},{"id":109,"crs":null,"position":[-150.0,40.0]},{"id":110,"crs":null,"position":[-130.0,40.0]},{"id":111,"crs":null,"position":[-110.0,40.0]},{"id":112,"crs":null,"position":[-90.0,40.0]},{"id":113,"crs":null,"position":[-70.0,40.0]},{"id":114,"crs":null,"position":[-50.0,40.0]},{"id":115,"crs":null,"position":[-30.0,40.0]},{"id":116,"crs":null,"position":[-10.0,40.0]},{"id":117,"crs":null,"position":[10.0,40.0]},{"id":118,"crs":null,"position":[30.0,40.0]},{"id":119,"crs":null,"position":[50.0,40.0]},{"id":120,"crs":null,"position":[70.0,40.0]},{"id":121,"crs":null,"position":[90.0,40.0]},{"id":122,"crs":null,"position":[110.0,40.0]},{"id":123,"crs":null,"position":[130.0,40.0]},{"id":124,"crs":null,"position":[150.0,40.0]},{"id":125,"crs":null,"position":[170.0,40.0]}],"payload_ids":["Atom"],"propagation_records":null,"target_records":[{"target_id":36,"samples":[]},{"target_id":37,"samples":[]},{"target_id":38,"samples":[]},{"target_id":39,"samples":[]},{"target_id":40,"samples":[]},{"target_id":41,"samples":[]},{"target_id":42,"samples":[]},{"target_id":43,"samples":[]},{"target_id":44,"samples":[]},{"target_id":45,"samples":[]},{"target_id":46,"samples":[]},{"target_id":47,"samples":[]},{"target_id":48,"samples":[]},{"target_id":49,"samples":[]},{"target_id":50,"samples":[]},{"target_id":51,"samples":[]},{"target_id":52,"samples":[]},{"target_id":53,"samples":[]},{"target_id":54,"samples":[]},{"target_id":55,"samples":[]},{"target_id":56,"samples":[]},{"target_id":57,"samples":[]},{"target_id":58,"samples":[]},{"target_id":59,"samples":[]},{"target_id":60,"samples":[]},{"target_id":61,"samples":[]},{"target_id":62,"samples":[]},{"target_id":63,"samples":[]},{"target_id":64,"samples":[]},{"target_id":65,"samples":[]},{"target_id":66,"samples":[]},{"target_id":67,"samples":[]},{"target_id":68,"samples":[]},{"target_id":69,"samples":[]},{"target_id":70,"samples":[]},{"target_id":71,"samples":[]},{"target_id":72,"samples":[{"satellite_id":"sat-1","instrument_id":"Atom","start":"2024-01-01T00:13:04.476870Z","duration":"PT1M28.435649S"},{"satellite_id":"sat-0","instrument_id":"Atom","start":"2024-01-01T00:33:18.360569Z","duration":"PT1M27.923482S"},{"satellite_id":"sat-4","instrument_id":"Atom","start":"2024-01-01T00:53:31.881889Z","duration":"PT1M27.977837S"}]},{"target_id":73,"samples":[{"satellite_id":"sat-1","instrument_id":"Atom","start":"2024-01-01T00:18:41.724366Z","duration":"PT1M28.040802S"},{"satellite_id":"sat-0","instrument_id":"Atom","start":"2024-01-01T00:38:55.750451Z","duration":"PT1M27.579127S"},{"satellite_id":"sat-4","instrument_id":"Atom","start":"2024-01-01T00:59:09.007238Z","duration":"PT50.992762S"}]},{"target_id":74,"samples":[{"satellite_id":"sat-2","instrument_id":"Atom","start":"2024-01-01T00:04:05.321114Z","duration":"PT1M32.100446S"},{"satellite_id":"sat-1","instrument_id":"Atom","start":"2024-01-01T00:24:19.036317Z","duration":"PT1M27.923965S"},{"satellite_id":"sat-0","instrument_id":"Atom","start":"2024-01-01T00:44:32.391554Z","duration":"PT1M28.072144S"}]},{"target_id":75,"samples":[{"satellite_id":"sat-2","instrument_id":"Atom","start":"2024-01-01T00:09:42.213875Z","duration":"PT1M28.532209S"},{"satellite_id":"sat-1","instrument_id":"Atom","start":"2024-01-01T00:29:56.171483Z","duration":"PT1M28.03018S"},{"satellite_id":"sat-0","instrument_id":"Atom","start":"2024-01-01T00:50:09.575201Z","duration":"PT1M28.0233S"}]},{"target_id":76,"samples":[{"satellite_id":"sat-2","instrument_id":"Atom","start":"2024-01-01T00:15:19.412730Z","duration":"PT1M28.409378S"},{"satellite_id":"sat-1","instrument_id":"Atom","start":"2024-01-01T00:35:33.063801Z","duration":"PT1M28.128671S"},{"satellite_id":"sat-0","instrument_id":"Atom","start":"2024-01-01T00:55:46.651103Z","duration":"PT1M28.065304S"}]},{"target_id":77,"samples":[{"satellite_id":"sat-3","instrument_id":"Atom","start":"2024-01-01T00:00:42.915895Z","duration":"PT1M30.019548S"},{"satellite_id":"sat-2","instrument_id":"Atom","start":"2024-01-01T00:20:56.662319Z","duration":"PT1M27.929557S"},{"satellite_id":"sat-1","instrument_id":"Atom","start":"2024-01-01T00:41:10.174385Z","duration":"PT1M28.017346S"}]},{"target_id":78,"samples":[{"satellite_id":"sat-3","instrument_id":"Atom","start":"2024-01-01T00:06:19.970997Z","duration":"PT1M28.376266S"},{"satellite_id":"sat-2","instrument_id":"Atom","start":"2024-01-01T00:26:33.886239Z","duration":"PT1M27.786488S"},{"satellite_id":"sat-1","instrument_id":"Atom","start":"2024-01-01T00:46:47.290199Z","duration":"PT1M28.02149S"}]},{"target_id":79,"samples":[{"satellite_id":"sat-3","instrument_id":"Atom","start":"2024-01-01T00:11:57.133360Z","duration":"PT1M28.240037S"},{"satellite_id":"sat-2","instrument_id":"Atom","start":"2024-01-01T00:32:10.724122Z","duration":"PT1M28.339574S"},{"satellite_id":"sat-1","instrument_id":"Atom","start":"2024-01-01T00:52:24.406173Z","duration":"PT1M28.030664S"}]},{"target_id":80,"samples":[{"satellite_id":"sat-3","instrument_id":"Atom","start":"2024-01-01T00:17:34.312461Z","duration":"PT1M28.194492S"},{"satellite_id":"sat-2","instrument_id":"Atom","start":"2024-01-01T00:37:48.104027Z","duration":"PT1M27.803064S"},{"satellite_id":"sat-1","instrument_id":"Atom","start":"2024-01-01T00:58:01.556749Z","duration":"PT1M28.008454S"}]},{"target_id":81,"samples":[{"satellite_id":"sat-4","instrument_id":"Atom","start":"2024-01-01T00:02:57.764248Z","duration":"PT1M28.277775S"},{"satellite_id":"sat-3","instrument_id":"Atom","start":"2024-01-01T00:23:11.472048Z","duration":"PT1M28.116441S"},{"satellite_id":"sat-2","instrument_id":"Atom","start":"2024-01-01T00:43:25.020525Z","duration":"PT1M28.032957S"}]},{"target_id":82,"samples":[{"satellite_id":"sat-4","instrument_id":"Atom","start":"2024-01-01T00:08:34.854514Z","duration":"PT1M28.197993S"},{"satellite_id":"sat-3","instrument_id":"Atom","start":"2024-01-01T00:28:48.488969Z","duration":"PT1M28.071057S"},{"satellite_id":"sat-2","instrument_id":"Atom","start":"2024-01-01T00:49:02.130988Z","duration":"PT1M28.04225S"}]},{"target_id":83,"samples":[{"satellite_id":"sat-4","instrument_id":"Atom","start":"2024-01-01T00:14:12.065077Z","duration":"PT1M28.330279S"},{"satellite_id":"sat-3","instrument_id":"Atom","start":"2024-01-01T00:34:25.670041Z","duration":"PT1M28.00431S"},{"satellite_id":"sat-2","instrument_id":"Atom","start":"2024-01-01T00:54:39.298904Z","duration":"PT1M27.986567S"}]},{"target_id":84,"samples":[{"satellite_id":"sat-0","instrument_id":"Atom","start":"2024-01-01T00:00:00Z","duration":"PT1M3.506127S"},{"satellite_id":"sat-4","instrument_id":"Atom","start":"2024-01-01T00:19:49.188253Z","duration":"PT1M28.27178S"},{"satellite_id":"sat-3","instrument_id":"Atom","start":"2024-01-01T00:40:02.753427Z","duration":"PT1M28.020484S"}]},{"target_id":85,"samples":[{"satellite_id":"sat-0","instrument_id":"Atom","start":"2024-01-01T00:05:12.560339Z","duration":"PT1M28.614405S"},{"satellite_id":"sat-4","instrument_id":"Atom","start":"2024-01-01T00:25:26.284031Z","duration":"PT1M28.19924S"},{"satellite_id":"sat-3","instrument_id":"Atom","start":"2024-01-01T00:45:39.814805Z","duration":"PT1M28.071299S"}]},{"target_id":86,"samples":[{"satellite_id":"sat-0","instrument_id":"Atom","start":"2024-01-01T00:10:49.685647Z","duration":"PT1M28.092542S"},{"satellite_id":"sat-4","instrument_id":"Atom","start":"2024-01-01T00:31:03.597228Z","duration":"PT1M27.753135S"},{"satellite_id":"sat-3","instrument_id":"Atom","start":"2024-01-01T00:51:16.970651Z","duration":"PT1M28.044141S"}]},{"target_id":87,"samples":[{"satellite_id":"sat-0","instrument_id":"Atom","start":"2024-01-01T00:16:26.780299Z","duration":"PT1M28.412354S"},{"satellite_id":"sat-4","instrument_id":"Atom","start":"2024-01-01T00:36:40.541770Z","duration":"PT1M27.972164S"},{"satellite_id":"sat-3","instrument_id":"Atom","start":"2024-01-01T00:56:54.138325Z","duration":"PT1M27.997833S"}]},{"target_id":88,"samples":[{"satellite_id":"sat-1","instrument_id":"Atom","start":"2024-01-01T00:01:50.426734Z","duration":"PT1M29.062039S"},{"satellite_id":"sat-0","instrument_id":"Atom","start":"2024-01-01T00:22:04.104279Z","duration":"PT1M28.028007S"},{"satellite_id":"sat-4","instrument_id":"Atom","start":"2024-01-01T00:42:17.547988Z","duration":"PT1M28.076248S"}]},{"target_id":89,"samples":[{"satellite_id":"sat-1","instrument_id":"Atom","start":"2024-01-01T00:07:27.360814Z","duration":"PT1M28.130884S"},{"satellite_id":"sat-0","instrument_id":"Atom","start":"2024-01-01T00:27:41.301967Z","duration":"PT1M27.870616S"},{"satellite_id":"sat-4","instrument_id":"Atom","start":"2024-01-01T00:47:54.730911Z","duration":"PT1M28.001052S"}]},{"target_id":90,"samples":[]},{"target_id":91,"samples":[]},{"target_id":92,"samples":[]},{"target_id":93,"samples":[]},{"target_id":94,"samples":[]},{"target_id":95,"samples":[]},{"target_id":96,"samples":[]},{"target_id":97,"samples":[]},{"target_id":98,"samples":[]},{"target_id":99,"samples":[]},{"target_id":100,"samples":[]},{"target_id":101,"samples":[]},{"target_id":102,"samples":[]},{"target_id":103,"samples":[]},{"target_id":104,"samples":[]},{"target_id":105,"samples":[]},{"target_id":106,"samples":[]},{"target_id":107,"samples":[]},{"target_id":108,"samples":[]},{"target_id":109,"samples":[]},{"target_id":110,"samples":[]},{"target_id":111,"samples":[]},{"target_id":112,"samples":[]},{"target_id":113,"samples":[]},{"target_id":114,"samples":[]},{"target_id":115,"samples":[]},{"target_id":116,"samples":[]},{"target_id":117,"samples":[]},{"target_id":118,"samples":[]},{"target_id":119,"samples":[]},{"target_id":120,"samples":[]},{"target_id":121,"samples":[]},{"target_id":122,"samples":[]},{"target_id":123,"samples":[]},{"target_id":124,"samples":[]},{"target_id":125,"samples":[]}]}'], 'workflow_id': 0}
2024-10-29 15:13:15,326 - DEBUG - Requesting dependency OrbitPropagation from http://localhost:5000/tatc/OrbitPropagation
2024-10-29 15:13:17,988 - ERROR - Error requesting dependency OrbitPropagation: ('Connection aborted.', RemoteDisconnected('Remote end closed connection without response'))
2024-10-29 15:13:17,989 - ERROR - Exception details:
Traceback (most recent call last):
  File "/root/anaconda3/envs/foo/lib/python3.8/site-packages/urllib3/connectionpool.py", line 789, in urlopen
    response = self._make_request(
  File "/root/anaconda3/envs/foo/lib/python3.8/site-packages/urllib3/connectionpool.py", line 536, in _make_request
    response = conn.getresponse()
  File "/root/anaconda3/envs/foo/lib/python3.8/site-packages/urllib3/connection.py", line 507, in getresponse
    httplib_response = super().getresponse()
  File "/root/anaconda3/envs/foo/lib/python3.8/http/client.py", line 1348, in getresponse
    response.begin()
  File "/root/anaconda3/envs/foo/lib/python3.8/http/client.py", line 316, in begin
    version, status, reason = self._read_status()
  File "/root/anaconda3/envs/foo/lib/python3.8/http/client.py", line 285, in _read_status
    raise RemoteDisconnected("Remote end closed connection without"
http.client.RemoteDisconnected: Remote end closed connection without response

During handling of the above exception, another exception occurred:

Traceback (most recent call last):
  File "/root/anaconda3/envs/foo/lib/python3.8/site-packages/requests/adapters.py", line 667, in send
    resp = conn.urlopen(
  File "/root/anaconda3/envs/foo/lib/python3.8/site-packages/urllib3/connectionpool.py", line 843, in urlopen
    retries = retries.increment(
  File "/root/anaconda3/envs/foo/lib/python3.8/site-packages/urllib3/util/retry.py", line 474, in increment
    raise reraise(type(error), error, _stacktrace)
  File "/root/anaconda3/envs/foo/lib/python3.8/site-packages/urllib3/util/util.py", line 38, in reraise
    raise value.with_traceback(tb)
  File "/root/anaconda3/envs/foo/lib/python3.8/site-packages/urllib3/connectionpool.py", line 789, in urlopen
    response = self._make_request(
  File "/root/anaconda3/envs/foo/lib/python3.8/site-packages/urllib3/connectionpool.py", line 536, in _make_request
    response = conn.getresponse()
  File "/root/anaconda3/envs/foo/lib/python3.8/site-packages/urllib3/connection.py", line 507, in getresponse
    httplib_response = super().getresponse()
  File "/root/anaconda3/envs/foo/lib/python3.8/http/client.py", line 1348, in getresponse
    response.begin()
  File "/root/anaconda3/envs/foo/lib/python3.8/http/client.py", line 316, in begin
    version, status, reason = self._read_status()
  File "/root/anaconda3/envs/foo/lib/python3.8/http/client.py", line 285, in _read_status
    raise RemoteDisconnected("Remote end closed connection without"
urllib3.exceptions.ProtocolError: ('Connection aborted.', RemoteDisconnected('Remote end closed connection without response'))

During handling of the above exception, another exception occurred:

Traceback (most recent call last):
  File "/root/instrupy/http_manager.py", line 193, in execute_function
    response = requests.post(dependency_url, json=request_payload)
  File "/root/anaconda3/envs/foo/lib/python3.8/site-packages/requests/api.py", line 115, in post
    return request("post", url, data=data, json=json, **kwargs)
  File "/root/anaconda3/envs/foo/lib/python3.8/site-packages/requests/api.py", line 59, in request
    return session.request(method=method, url=url, **kwargs)
  File "/root/anaconda3/envs/foo/lib/python3.8/site-packages/requests/sessions.py", line 589, in request
    resp = self.send(prep, **send_kwargs)
  File "/root/anaconda3/envs/foo/lib/python3.8/site-packages/requests/sessions.py", line 703, in send
    r = adapter.send(request, **kwargs)
  File "/root/anaconda3/envs/foo/lib/python3.8/site-packages/requests/adapters.py", line 682, in send
    raise ConnectionError(err, request=request)
requests.exceptions.ConnectionError: ('Connection aborted.', RemoteDisconnected('Remote end closed connection without response'))
2024-10-29 15:13:17,990 - ERROR - Error processing request: ('Connection aborted.', RemoteDisconnected('Remote end closed connection without response'))
2024-10-29 15:13:17,991 - ERROR - Exception details:
Traceback (most recent call last):
  File "/root/anaconda3/envs/foo/lib/python3.8/site-packages/urllib3/connectionpool.py", line 789, in urlopen
    response = self._make_request(
  File "/root/anaconda3/envs/foo/lib/python3.8/site-packages/urllib3/connectionpool.py", line 536, in _make_request
    response = conn.getresponse()
  File "/root/anaconda3/envs/foo/lib/python3.8/site-packages/urllib3/connection.py", line 507, in getresponse
    httplib_response = super().getresponse()
  File "/root/anaconda3/envs/foo/lib/python3.8/http/client.py", line 1348, in getresponse
    response.begin()
  File "/root/anaconda3/envs/foo/lib/python3.8/http/client.py", line 316, in begin
    version, status, reason = self._read_status()
  File "/root/anaconda3/envs/foo/lib/python3.8/http/client.py", line 285, in _read_status
    raise RemoteDisconnected("Remote end closed connection without"
http.client.RemoteDisconnected: Remote end closed connection without response

During handling of the above exception, another exception occurred:

Traceback (most recent call last):
  File "/root/anaconda3/envs/foo/lib/python3.8/site-packages/requests/adapters.py", line 667, in send
    resp = conn.urlopen(
  File "/root/anaconda3/envs/foo/lib/python3.8/site-packages/urllib3/connectionpool.py", line 843, in urlopen
    retries = retries.increment(
  File "/root/anaconda3/envs/foo/lib/python3.8/site-packages/urllib3/util/retry.py", line 474, in increment
    raise reraise(type(error), error, _stacktrace)
  File "/root/anaconda3/envs/foo/lib/python3.8/site-packages/urllib3/util/util.py", line 38, in reraise
    raise value.with_traceback(tb)
  File "/root/anaconda3/envs/foo/lib/python3.8/site-packages/urllib3/connectionpool.py", line 789, in urlopen
    response = self._make_request(
  File "/root/anaconda3/envs/foo/lib/python3.8/site-packages/urllib3/connectionpool.py", line 536, in _make_request
    response = conn.getresponse()
  File "/root/anaconda3/envs/foo/lib/python3.8/site-packages/urllib3/connection.py", line 507, in getresponse
    httplib_response = super().getresponse()
  File "/root/anaconda3/envs/foo/lib/python3.8/http/client.py", line 1348, in getresponse
    response.begin()
  File "/root/anaconda3/envs/foo/lib/python3.8/http/client.py", line 316, in begin
    version, status, reason = self._read_status()
  File "/root/anaconda3/envs/foo/lib/python3.8/http/client.py", line 285, in _read_status
    raise RemoteDisconnected("Remote end closed connection without"
urllib3.exceptions.ProtocolError: ('Connection aborted.', RemoteDisconnected('Remote end closed connection without response'))

During handling of the above exception, another exception occurred:

Traceback (most recent call last):
  File "/root/instrupy/http_manager.py", line 136, in process_request
    result_data = self.execute_function(function_name, dependencies, architecture)
  File "/root/instrupy/http_manager.py", line 193, in execute_function
    response = requests.post(dependency_url, json=request_payload)
  File "/root/anaconda3/envs/foo/lib/python3.8/site-packages/requests/api.py", line 115, in post
    return request("post", url, data=data, json=json, **kwargs)
  File "/root/anaconda3/envs/foo/lib/python3.8/site-packages/requests/api.py", line 59, in request
    return session.request(method=method, url=url, **kwargs)
  File "/root/anaconda3/envs/foo/lib/python3.8/site-packages/requests/sessions.py", line 589, in request
    resp = self.send(prep, **send_kwargs)
  File "/root/anaconda3/envs/foo/lib/python3.8/site-packages/requests/sessions.py", line 703, in send
    r = adapter.send(request, **kwargs)
  File "/root/anaconda3/envs/foo/lib/python3.8/site-packages/requests/adapters.py", line 682, in send
    raise ConnectionError(err, request=request)
requests.exceptions.ConnectionError: ('Connection aborted.', RemoteDisconnected('Remote end closed connection without response'))
2024-10-29 15:13:33,384 - DEBUG - Message received on topic evaluators/InstruPy/InstrumentPerformance: {"workflow_id":"8b568683-56c3-42c3-948e-240fbf1e91bb","result_topic":"TSE","metric":"InstrumentScore","function":"InstrumentPerformance","architecture":{"@type":"Architecture","spaceSegment":[{"satellites":[{"techReadinessLevel":9,"acronym":"MicroMAS-2","@type":"Satellite","commBand":["X"],"mass":4,"stabilizationType":"AXIS_3","volume":0.003,"isGroundCommand":true,"payload":[{"scanTechnique":"PUSHBROOM","techReadinessLevel":9,"@type":"Passive Optical Scanner","mass":1,"numberOfDetectorsColsCrossTrack":[4096,6144,8192],"numberOfDetectorsRowsAlongTrack":1,"dataRate":384,"quantumEff":0.9,"mountType":"BODY","opticsSysEff":0.8,"detectorWidth":[0.00002,0.000036,0.00005],"power":1,"Fnum":6.4,"orientation":{"convention":"SIDE_LOOK","sideLookAngle":0,"@type":"Orientation"},"numOfReadOutE":20,"bandwidth":6.5E-8,"acronym":"Landsat 10 Blue Band","bitsPerPixel":12,"snrThreshold":25,"volume":0.0001,"apertureDia":[0.1,0.132,0.15],"maxDetectorExposureTime":0.0036,"operatingWavelength":4.85E-7,"fieldOfView":{"sensorGeometry":"RECTANGULAR","@type":"FieldOfView","fullConeAngle":30,"crossTrackFieldOfView":114,"alongTrackFieldOfView":40},"name":"Landsat 10 Blue Band","targetBlackBodyTemp":290,"focalLength":[0.7,0.8451,1]}],"propellantType":"MONO_PROP","name":"MicroMAS-2","dryMass":2.5,"@id":"sat-0","power":9.1,"orbit":{"inclination":30,"periapsisArgument":0,"@type":"Orbit","semimajorAxis":7178.14,"orbitType":"KEPLERIAN","eccentricity":0,"rightAscensionAscendingNode":0,"trueAnomaly":0,"epoch":"2019-08-01T00:00:00Z"},"isSpare":false},{"techReadinessLevel":9,"acronym":"MicroMAS-2","@type":"Satellite","commBand":["X"],"mass":4,"stabilizationType":"AXIS_3","volume":0.003,"isGroundCommand":true,"payload":[{"scanTechnique":"PUSHBROOM","techReadinessLevel":9,"@type":"Passive Optical Scanner","mass":1,"numberOfDetectorsColsCrossTrack":[4096,6144,8192],"numberOfDetectorsRowsAlongTrack":1,"dataRate":384,"quantumEff":0.9,"mountType":"BODY","opticsSysEff":0.8,"detectorWidth":[0.00002,0.000036,0.00005],"power":1,"Fnum":6.4,"orientation":{"convention":"SIDE_LOOK","sideLookAngle":0,"@type":"Orientation"},"numOfReadOutE":20,"bandwidth":6.5E-8,"acronym":"Landsat 10 Blue Band","bitsPerPixel":12,"snrThreshold":25,"volume":0.0001,"apertureDia":[0.1,0.132,0.15],"maxDetectorExposureTime":0.0036,"operatingWavelength":4.85E-7,"fieldOfView":{"sensorGeometry":"RECTANGULAR","@type":"FieldOfView","fullConeAngle":30,"crossTrackFieldOfView":114,"alongTrackFieldOfView":40},"name":"Landsat 10 Blue Band","targetBlackBodyTemp":290,"focalLength":[0.7,0.8451,1]}],"propellantType":"MONO_PROP","name":"MicroMAS-2","dryMass":2.5,"@id":"sat-1","power":9.1,"orbit":{"inclination":30,"periapsisArgument":0,"@type":"Orbit","semimajorAxis":7178.14,"orbitType":"KEPLERIAN","eccentricity":0,"rightAscensionAscendingNode":0,"trueAnomaly":90,"epoch":"2019-08-01T00:00:00Z"},"isSpare":false},{"techReadinessLevel":9,"acronym":"MicroMAS-2","@type":"Satellite","commBand":["X"],"mass":4,"stabilizationType":"AXIS_3","volume":0.003,"isGroundCommand":true,"payload":[{"scanTechnique":"PUSHBROOM","techReadinessLevel":9,"@type":"Passive Optical Scanner","mass":1,"numberOfDetectorsColsCrossTrack":[4096,6144,8192],"numberOfDetectorsRowsAlongTrack":1,"dataRate":384,"quantumEff":0.9,"mountType":"BODY","opticsSysEff":0.8,"detectorWidth":[0.00002,0.000036,0.00005],"power":1,"Fnum":6.4,"orientation":{"convention":"SIDE_LOOK","sideLookAngle":0,"@type":"Orientation"},"numOfReadOutE":20,"bandwidth":6.5E-8,"acronym":"Landsat 10 Blue Band","bitsPerPixel":12,"snrThreshold":25,"volume":0.0001,"apertureDia":[0.1,0.132,0.15],"maxDetectorExposureTime":0.0036,"operatingWavelength":4.85E-7,"fieldOfView":{"sensorGeometry":"RECTANGULAR","@type":"FieldOfView","fullConeAngle":30,"crossTrackFieldOfView":114,"alongTrackFieldOfView":40},"name":"Landsat 10 Blue Band","targetBlackBodyTemp":290,"focalLength":[0.7,0.8451,1]}],"propellantType":"MONO_PROP","name":"MicroMAS-2","dryMass":2.5,"@id":"sat-2","power":9.1,"orbit":{"inclination":30,"periapsisArgument":0,"@type":"Orbit","semimajorAxis":7178.14,"orbitType":"KEPLERIAN","eccentricity":0,"rightAscensionAscendingNode":0,"trueAnomaly":180,"epoch":"2019-08-01T00:00:00Z"},"isSpare":false},{"techReadinessLevel":9,"acronym":"MicroMAS-2","@type":"Satellite","commBand":["X"],"mass":4,"stabilizationType":"AXIS_3","volume":0.003,"isGroundCommand":true,"payload":[{"scanTechnique":"PUSHBROOM","techReadinessLevel":9,"@type":"Passive Optical Scanner","mass":1,"numberOfDetectorsColsCrossTrack":[4096,6144,8192],"numberOfDetectorsRowsAlongTrack":1,"dataRate":384,"quantumEff":0.9,"mountType":"BODY","opticsSysEff":0.8,"detectorWidth":[0.00002,0.000036,0.00005],"power":1,"Fnum":6.4,"orientation":{"convention":"SIDE_LOOK","sideLookAngle":0,"@type":"Orientation"},"numOfReadOutE":20,"bandwidth":6.5E-8,"acronym":"Landsat 10 Blue Band","bitsPerPixel":12,"snrThreshold":25,"volume":0.0001,"apertureDia":[0.1,0.132,0.15],"maxDetectorExposureTime":0.0036,"operatingWavelength":4.85E-7,"fieldOfView":{"sensorGeometry":"RECTANGULAR","@type":"FieldOfView","fullConeAngle":30,"crossTrackFieldOfView":114,"alongTrackFieldOfView":40},"name":"Landsat 10 Blue Band","targetBlackBodyTemp":290,"focalLength":[0.7,0.8451,1]}],"propellantType":"MONO_PROP","name":"MicroMAS-2","dryMass":2.5,"@id":"sat-3","power":9.1,"orbit":{"inclination":30,"periapsisArgument":0,"@type":"Orbit","semimajorAxis":7178.14,"orbitType":"KEPLERIAN","eccentricity":0,"rightAscensionAscendingNode":0,"trueAnomaly":270,"epoch":"2019-08-01T00:00:00Z"},"isSpare":false}],"numberPlanes":1,"numberSatellites":4,"@type":"Constellation","constellationType":"DELTA_HOMOGENEOUS","@id":"con-0","relativeSpacing":0}],"@id":"arch-0","groundSegment":[{"acronym":"TROPICS GN","@type":"GroundNetwork","name":"TROPICS ground network","numberStations":1,"groundStations":[{"elevation":1570,"agency":{"@type":"Agency","agencyType":"GOVERNMENT"},"acronym":"Wallops","@type":"GroundStation","commBand":["UHF"],"latitude":37.940194,"name":"Wallops","@id":"gs-0","longitude":-75.466389}]}]},"dependencies":{"InstrumentPerformance":{"level":3,"dependencies":{"AccessResponse":"http://localhost:5000/tatc/AccessResponse","OrbitPropagation":"http://localhost:5000/tatc/OrbitPropagation"}}}}
2024-10-29 15:13:41,572 - DEBUG - Processing request for workflow ID: 8b568683-56c3-42c3-948e-240fbf1e91bb
2024-10-29 15:13:41,573 - DEBUG - Function to execute: InstrumentPerformance
2024-10-29 15:13:41,573 - DEBUG - Executing function: InstrumentPerformance
2024-10-29 15:13:41,574 - DEBUG - Requesting dependency AccessResponse from http://localhost:5000/tatc/AccessResponse
2024-10-29 15:17:16,552 - ERROR - Error requesting dependency AccessResponse: ('Connection aborted.', RemoteDisconnected('Remote end closed connection without response'))
2024-10-29 15:17:16,552 - ERROR - Exception details:
Traceback (most recent call last):
  File "/root/anaconda3/envs/foo/lib/python3.8/site-packages/urllib3/connectionpool.py", line 789, in urlopen
    response = self._make_request(
  File "/root/anaconda3/envs/foo/lib/python3.8/site-packages/urllib3/connectionpool.py", line 536, in _make_request
    response = conn.getresponse()
  File "/root/anaconda3/envs/foo/lib/python3.8/site-packages/urllib3/connection.py", line 507, in getresponse
    httplib_response = super().getresponse()
  File "/root/anaconda3/envs/foo/lib/python3.8/http/client.py", line 1348, in getresponse
    response.begin()
  File "/root/anaconda3/envs/foo/lib/python3.8/http/client.py", line 316, in begin
    version, status, reason = self._read_status()
  File "/root/anaconda3/envs/foo/lib/python3.8/http/client.py", line 285, in _read_status
    raise RemoteDisconnected("Remote end closed connection without"
http.client.RemoteDisconnected: Remote end closed connection without response

During handling of the above exception, another exception occurred:

Traceback (most recent call last):
  File "/root/anaconda3/envs/foo/lib/python3.8/site-packages/requests/adapters.py", line 667, in send
    resp = conn.urlopen(
  File "/root/anaconda3/envs/foo/lib/python3.8/site-packages/urllib3/connectionpool.py", line 843, in urlopen
    retries = retries.increment(
  File "/root/anaconda3/envs/foo/lib/python3.8/site-packages/urllib3/util/retry.py", line 474, in increment
    raise reraise(type(error), error, _stacktrace)
  File "/root/anaconda3/envs/foo/lib/python3.8/site-packages/urllib3/util/util.py", line 38, in reraise
    raise value.with_traceback(tb)
  File "/root/anaconda3/envs/foo/lib/python3.8/site-packages/urllib3/connectionpool.py", line 789, in urlopen
    response = self._make_request(
  File "/root/anaconda3/envs/foo/lib/python3.8/site-packages/urllib3/connectionpool.py", line 536, in _make_request
    response = conn.getresponse()
  File "/root/anaconda3/envs/foo/lib/python3.8/site-packages/urllib3/connection.py", line 507, in getresponse
    httplib_response = super().getresponse()
  File "/root/anaconda3/envs/foo/lib/python3.8/http/client.py", line 1348, in getresponse
    response.begin()
  File "/root/anaconda3/envs/foo/lib/python3.8/http/client.py", line 316, in begin
    version, status, reason = self._read_status()
  File "/root/anaconda3/envs/foo/lib/python3.8/http/client.py", line 285, in _read_status
    raise RemoteDisconnected("Remote end closed connection without"
urllib3.exceptions.ProtocolError: ('Connection aborted.', RemoteDisconnected('Remote end closed connection without response'))

During handling of the above exception, another exception occurred:

Traceback (most recent call last):
  File "/root/instrupy/http_manager.py", line 193, in execute_function
    response = requests.post(dependency_url, json=request_payload)
  File "/root/anaconda3/envs/foo/lib/python3.8/site-packages/requests/api.py", line 115, in post
    return request("post", url, data=data, json=json, **kwargs)
  File "/root/anaconda3/envs/foo/lib/python3.8/site-packages/requests/api.py", line 59, in request
    return session.request(method=method, url=url, **kwargs)
  File "/root/anaconda3/envs/foo/lib/python3.8/site-packages/requests/sessions.py", line 589, in request
    resp = self.send(prep, **send_kwargs)
  File "/root/anaconda3/envs/foo/lib/python3.8/site-packages/requests/sessions.py", line 703, in send
    r = adapter.send(request, **kwargs)
  File "/root/anaconda3/envs/foo/lib/python3.8/site-packages/requests/adapters.py", line 682, in send
    raise ConnectionError(err, request=request)
requests.exceptions.ConnectionError: ('Connection aborted.', RemoteDisconnected('Remote end closed connection without response'))
2024-10-29 15:17:16,555 - ERROR - Error processing request: ('Connection aborted.', RemoteDisconnected('Remote end closed connection without response'))
2024-10-29 15:17:16,555 - ERROR - Exception details:
Traceback (most recent call last):
  File "/root/anaconda3/envs/foo/lib/python3.8/site-packages/urllib3/connectionpool.py", line 789, in urlopen
    response = self._make_request(
  File "/root/anaconda3/envs/foo/lib/python3.8/site-packages/urllib3/connectionpool.py", line 536, in _make_request
    response = conn.getresponse()
  File "/root/anaconda3/envs/foo/lib/python3.8/site-packages/urllib3/connection.py", line 507, in getresponse
    httplib_response = super().getresponse()
  File "/root/anaconda3/envs/foo/lib/python3.8/http/client.py", line 1348, in getresponse
    response.begin()
  File "/root/anaconda3/envs/foo/lib/python3.8/http/client.py", line 316, in begin
    version, status, reason = self._read_status()
  File "/root/anaconda3/envs/foo/lib/python3.8/http/client.py", line 285, in _read_status
    raise RemoteDisconnected("Remote end closed connection without"
http.client.RemoteDisconnected: Remote end closed connection without response

During handling of the above exception, another exception occurred:

Traceback (most recent call last):
  File "/root/anaconda3/envs/foo/lib/python3.8/site-packages/requests/adapters.py", line 667, in send
    resp = conn.urlopen(
  File "/root/anaconda3/envs/foo/lib/python3.8/site-packages/urllib3/connectionpool.py", line 843, in urlopen
    retries = retries.increment(
  File "/root/anaconda3/envs/foo/lib/python3.8/site-packages/urllib3/util/retry.py", line 474, in increment
    raise reraise(type(error), error, _stacktrace)
  File "/root/anaconda3/envs/foo/lib/python3.8/site-packages/urllib3/util/util.py", line 38, in reraise
    raise value.with_traceback(tb)
  File "/root/anaconda3/envs/foo/lib/python3.8/site-packages/urllib3/connectionpool.py", line 789, in urlopen
    response = self._make_request(
  File "/root/anaconda3/envs/foo/lib/python3.8/site-packages/urllib3/connectionpool.py", line 536, in _make_request
    response = conn.getresponse()
  File "/root/anaconda3/envs/foo/lib/python3.8/site-packages/urllib3/connection.py", line 507, in getresponse
    httplib_response = super().getresponse()
  File "/root/anaconda3/envs/foo/lib/python3.8/http/client.py", line 1348, in getresponse
    response.begin()
  File "/root/anaconda3/envs/foo/lib/python3.8/http/client.py", line 316, in begin
    version, status, reason = self._read_status()
  File "/root/anaconda3/envs/foo/lib/python3.8/http/client.py", line 285, in _read_status
    raise RemoteDisconnected("Remote end closed connection without"
urllib3.exceptions.ProtocolError: ('Connection aborted.', RemoteDisconnected('Remote end closed connection without response'))

During handling of the above exception, another exception occurred:

Traceback (most recent call last):
  File "/root/instrupy/http_manager.py", line 136, in process_request
    result_data = self.execute_function(function_name, dependencies, architecture)
  File "/root/instrupy/http_manager.py", line 193, in execute_function
    response = requests.post(dependency_url, json=request_payload)
  File "/root/anaconda3/envs/foo/lib/python3.8/site-packages/requests/api.py", line 115, in post
    return request("post", url, data=data, json=json, **kwargs)
  File "/root/anaconda3/envs/foo/lib/python3.8/site-packages/requests/api.py", line 59, in request
    return session.request(method=method, url=url, **kwargs)
  File "/root/anaconda3/envs/foo/lib/python3.8/site-packages/requests/sessions.py", line 589, in request
    resp = self.send(prep, **send_kwargs)
  File "/root/anaconda3/envs/foo/lib/python3.8/site-packages/requests/sessions.py", line 703, in send
    r = adapter.send(request, **kwargs)
  File "/root/anaconda3/envs/foo/lib/python3.8/site-packages/requests/adapters.py", line 682, in send
    raise ConnectionError(err, request=request)
requests.exceptions.ConnectionError: ('Connection aborted.', RemoteDisconnected('Remote end closed connection without response'))
2024-10-29 15:23:49,211 - DEBUG - Message received on topic evaluators/InstruPy/InstrumentPerformance: {"workflow_id":"076b01c6-3786-435c-9fed-27a72415841b","result_topic":"TSE","metric":"InstrumentScore","function":"InstrumentPerformance","architecture":{"@type":"Architecture","spaceSegment":[{"satellites":[{"techReadinessLevel":9,"acronym":"MicroMAS-2","@type":"Satellite","commBand":["X"],"mass":4,"stabilizationType":"AXIS_3","volume":0.003,"isGroundCommand":true,"payload":[{"scanTechnique":"PUSHBROOM","techReadinessLevel":9,"@type":"Passive Optical Scanner","mass":1,"numberOfDetectorsColsCrossTrack":[4096,6144,8192],"numberOfDetectorsRowsAlongTrack":1,"dataRate":384,"quantumEff":0.9,"mountType":"BODY","opticsSysEff":0.8,"detectorWidth":[0.00002,0.000036,0.00005],"power":1,"Fnum":6.4,"orientation":{"convention":"SIDE_LOOK","sideLookAngle":0,"@type":"Orientation"},"numOfReadOutE":20,"bandwidth":6.5E-8,"acronym":"Landsat 10 Blue Band","bitsPerPixel":12,"snrThreshold":25,"volume":0.0001,"apertureDia":[0.1,0.132,0.15],"maxDetectorExposureTime":0.0036,"operatingWavelength":4.85E-7,"fieldOfView":{"sensorGeometry":"RECTANGULAR","@type":"FieldOfView","fullConeAngle":30,"crossTrackFieldOfView":114,"alongTrackFieldOfView":40},"name":"Landsat 10 Blue Band","targetBlackBodyTemp":290,"focalLength":[0.7,0.8451,1]}],"propellantType":"MONO_PROP","name":"MicroMAS-2","dryMass":2.5,"@id":"sat-0","power":9.1,"orbit":{"inclination":30,"periapsisArgument":0,"@type":"Orbit","semimajorAxis":6978.14,"orbitType":"KEPLERIAN","eccentricity":0,"rightAscensionAscendingNode":0,"trueAnomaly":0,"epoch":"2019-08-01T00:00:00Z"},"isSpare":false},{"techReadinessLevel":9,"acronym":"MicroMAS-2","@type":"Satellite","commBand":["X"],"mass":4,"stabilizationType":"AXIS_3","volume":0.003,"isGroundCommand":true,"payload":[{"scanTechnique":"PUSHBROOM","techReadinessLevel":9,"@type":"Passive Optical Scanner","mass":1,"numberOfDetectorsColsCrossTrack":[4096,6144,8192],"numberOfDetectorsRowsAlongTrack":1,"dataRate":384,"quantumEff":0.9,"mountType":"BODY","opticsSysEff":0.8,"detectorWidth":[0.00002,0.000036,0.00005],"power":1,"Fnum":6.4,"orientation":{"convention":"SIDE_LOOK","sideLookAngle":0,"@type":"Orientation"},"numOfReadOutE":20,"bandwidth":6.5E-8,"acronym":"Landsat 10 Blue Band","bitsPerPixel":12,"snrThreshold":25,"volume":0.0001,"apertureDia":[0.1,0.132,0.15],"maxDetectorExposureTime":0.0036,"operatingWavelength":4.85E-7,"fieldOfView":{"sensorGeometry":"RECTANGULAR","@type":"FieldOfView","fullConeAngle":30,"crossTrackFieldOfView":114,"alongTrackFieldOfView":40},"name":"Landsat 10 Blue Band","targetBlackBodyTemp":290,"focalLength":[0.7,0.8451,1]}],"propellantType":"MONO_PROP","name":"MicroMAS-2","dryMass":2.5,"@id":"sat-1","power":9.1,"orbit":{"inclination":30,"periapsisArgument":0,"@type":"Orbit","semimajorAxis":6978.14,"orbitType":"KEPLERIAN","eccentricity":0,"rightAscensionAscendingNode":119.99999999999999,"trueAnomaly":119.99999999999999,"epoch":"2019-08-01T00:00:00Z"},"isSpare":false},{"techReadinessLevel":9,"acronym":"MicroMAS-2","@type":"Satellite","commBand":["X"],"mass":4,"stabilizationType":"AXIS_3","volume":0.003,"isGroundCommand":true,"payload":[{"scanTechnique":"PUSHBROOM","techReadinessLevel":9,"@type":"Passive Optical Scanner","mass":1,"numberOfDetectorsColsCrossTrack":[4096,6144,8192],"numberOfDetectorsRowsAlongTrack":1,"dataRate":384,"quantumEff":0.9,"mountType":"BODY","opticsSysEff":0.8,"detectorWidth":[0.00002,0.000036,0.00005],"power":1,"Fnum":6.4,"orientation":{"convention":"SIDE_LOOK","sideLookAngle":0,"@type":"Orientation"},"numOfReadOutE":20,"bandwidth":6.5E-8,"acronym":"Landsat 10 Blue Band","bitsPerPixel":12,"snrThreshold":25,"volume":0.0001,"apertureDia":[0.1,0.132,0.15],"maxDetectorExposureTime":0.0036,"operatingWavelength":4.85E-7,"fieldOfView":{"sensorGeometry":"RECTANGULAR","@type":"FieldOfView","fullConeAngle":30,"crossTrackFieldOfView":114,"alongTrackFieldOfView":40},"name":"Landsat 10 Blue Band","targetBlackBodyTemp":290,"focalLength":[0.7,0.8451,1]}],"propellantType":"MONO_PROP","name":"MicroMAS-2","dryMass":2.5,"@id":"sat-2","power":9.1,"orbit":{"inclination":30,"periapsisArgument":0,"@type":"Orbit","semimajorAxis":6978.14,"orbitType":"KEPLERIAN","eccentricity":0,"rightAscensionAscendingNode":239.99999999999997,"trueAnomaly":239.99999999999997,"epoch":"2019-08-01T00:00:00Z"},"isSpare":false}],"numberPlanes":3,"numberSatellites":3,"@type":"Constellation","constellationType":"DELTA_HOMOGENEOUS","@id":"con-0","relativeSpacing":1}],"@id":"arch-0","groundSegment":[{"acronym":"TROPICS GN","@type":"GroundNetwork","name":"TROPICS ground network","numberStations":1,"groundStations":[{"elevation":1570,"agency":{"@type":"Agency","agencyType":"GOVERNMENT"},"acronym":"Wallops","@type":"GroundStation","commBand":["UHF"],"latitude":37.940194,"name":"Wallops","@id":"gs-0","longitude":-75.466389}]}]},"dependencies":{"InstrumentPerformance":{"level":3,"dependencies":{"AccessResponse":"http://localhost:5000/tatc/AccessResponse","OrbitPropagation":"http://localhost:5000/tatc/OrbitPropagation"}}}}
2024-10-29 15:23:51,982 - DEBUG - Processing request for workflow ID: 076b01c6-3786-435c-9fed-27a72415841b
2024-10-29 15:23:51,984 - DEBUG - Function to execute: InstrumentPerformance
2024-10-29 15:23:51,985 - DEBUG - Executing function: InstrumentPerformance
2024-10-29 15:23:51,985 - DEBUG - Requesting dependency AccessResponse from http://localhost:5000/tatc/AccessResponse
2024-10-29 15:24:07,708 - DEBUG - Received result for dependency AccessResponse: {'evaluator': 'TAT-C', 'function': 'AccessResponse', 'results': ['{"satellites":[{"id":"sat-0","orbit":{"object_name":"MicroMAS-2","object_id":"1998-067A","epoch":"2019-08-01T00:00:00.728000","mean_motion":14.893370854589604,"eccentricity":0.0,"inclination":30.0,"ra_of_asc_node":0.0,"arg_of_pericenter":0.0,"mean_anomaly":0.0,"ephemeris_type":0,"classification_type":"U","norad_cat_id":0,"element_set_no":999,"rev_at_epoch":0,"bstar":0.0,"mean_motion_dot":0.0,"mean_motion_ddot":0.0},"payloads":[{"type":"PassiveOpticalScanner","name":null,"id":"FireSat-Sensor","mass":28.0,"volume":0.12,"power":32.0,"orientation":[0.0,0.0,0.0,1.0],"field_of_view":{"type":"RectangularGeometry","angle_height":0.628,"angle_width":115.8},"scene_field_of_view":{"type":"RectangularGeometry","angle_height":30.0,"angle_width":115.8},"data_rate":85.0,"scan_technique":"MATRIX_IMAGER","number_detector_rows":256,"number_detector_cols":1,"aperture_dia":0.26,"F_num":2.7,"focal_length":0.7,"operating_wavelength":4.2e-6,"bandwidth":1.9e-6,"quantum_efficiency":0.5,"optics_sys_eff":0.75,"number_of_read_out_E":25.0,"target_black_body_temp":290.0,"bits_per_pixel":8,"detector_width":0.00003,"max_detector_exposure_time":null}],"satellite_bus":null},{"id":"sat-1","orbit":{"object_name":"MicroMAS-2","object_id":"1998-067A","epoch":"2019-08-01T00:00:00.728000","mean_motion":14.893370854589604,"eccentricity":0.0,"inclination":30.0,"ra_of_asc_node":119.99999999999999,"arg_of_pericenter":0.0,"mean_anomaly":119.99999999999999,"ephemeris_type":0,"classification_type":"U","norad_cat_id":0,"element_set_no":999,"rev_at_epoch":0,"bstar":0.0,"mean_motion_dot":0.0,"mean_motion_ddot":0.0},"payloads":[{"type":"PassiveOpticalScanner","name":null,"id":"FireSat-Sensor","mass":28.0,"volume":0.12,"power":32.0,"orientation":[0.0,0.0,0.0,1.0],"field_of_view":{"type":"RectangularGeometry","angle_height":0.628,"angle_width":115.8},"scene_field_of_view":{"type":"RectangularGeometry","angle_height":30.0,"angle_width":115.8},"data_rate":85.0,"scan_technique":"MATRIX_IMAGER","number_detector_rows":256,"number_detector_cols":1,"aperture_dia":0.26,"F_num":2.7,"focal_length":0.7,"operating_wavelength":4.2e-6,"bandwidth":1.9e-6,"quantum_efficiency":0.5,"optics_sys_eff":0.75,"number_of_read_out_E":25.0,"target_black_body_temp":290.0,"bits_per_pixel":8,"detector_width":0.00003,"max_detector_exposure_time":null}],"satellite_bus":null},{"id":"sat-2","orbit":{"object_name":"MicroMAS-2","object_id":"1998-067A","epoch":"2019-08-01T00:00:00.728000","mean_motion":14.893370854589604,"eccentricity":0.0,"inclination":30.0,"ra_of_asc_node":239.99999999999997,"arg_of_pericenter":0.0,"mean_anomaly":239.99999999999994,"ephemeris_type":0,"classification_type":"U","norad_cat_id":0,"element_set_no":999,"rev_at_epoch":0,"bstar":0.0,"mean_motion_dot":0.0,"mean_motion_ddot":0.0},"payloads":[{"type":"PassiveOpticalScanner","name":null,"id":"FireSat-Sensor","mass":28.0,"volume":0.12,"power":32.0,"orientation":[0.0,0.0,0.0,1.0],"field_of_view":{"type":"RectangularGeometry","angle_height":0.628,"angle_width":115.8},"scene_field_of_view":{"type":"RectangularGeometry","angle_height":30.0,"angle_width":115.8},"data_rate":85.0,"scan_technique":"MATRIX_IMAGER","number_detector_rows":256,"number_detector_cols":1,"aperture_dia":0.26,"F_num":2.7,"focal_length":0.7,"operating_wavelength":4.2e-6,"bandwidth":1.9e-6,"quantum_efficiency":0.5,"optics_sys_eff":0.75,"number_of_read_out_E":25.0,"target_black_body_temp":290.0,"bits_per_pixel":8,"detector_width":0.00003,"max_detector_exposure_time":null}],"satellite_bus":null}],"time_step":"PT10S","targets":[{"id":36,"crs":null,"position":[-170.0,-40.0]},{"id":37,"crs":null,"position":[-150.0,-40.0]},{"id":38,"crs":null,"position":[-130.0,-40.0]},{"id":39,"crs":null,"position":[-110.0,-40.0]},{"id":40,"crs":null,"position":[-90.0,-40.0]},{"id":41,"crs":null,"position":[-70.0,-40.0]},{"id":42,"crs":null,"position":[-50.0,-40.0]},{"id":43,"crs":null,"position":[-30.0,-40.0]},{"id":44,"crs":null,"position":[-10.0,-40.0]},{"id":45,"crs":null,"position":[10.0,-40.0]},{"id":46,"crs":null,"position":[30.0,-40.0]},{"id":47,"crs":null,"position":[50.0,-40.0]},{"id":48,"crs":null,"position":[70.0,-40.0]},{"id":49,"crs":null,"position":[90.0,-40.0]},{"id":50,"crs":null,"position":[110.0,-40.0]},{"id":51,"crs":null,"position":[130.0,-40.0]},{"id":52,"crs":null,"position":[150.0,-40.0]},{"id":53,"crs":null,"position":[170.0,-40.0]},{"id":54,"crs":null,"position":[-170.0,-20.0]},{"id":55,"crs":null,"position":[-150.0,-20.0]},{"id":56,"crs":null,"position":[-130.0,-20.0]},{"id":57,"crs":null,"position":[-110.0,-20.0]},{"id":58,"crs":null,"position":[-90.0,-20.0]},{"id":59,"crs":null,"position":[-70.0,-20.0]},{"id":60,"crs":null,"position":[-50.0,-20.0]},{"id":61,"crs":null,"position":[-30.0,-20.0]},{"id":62,"crs":null,"position":[-10.0,-20.0]},{"id":63,"crs":null,"position":[10.0,-20.0]},{"id":64,"crs":null,"position":[30.0,-20.0]},{"id":65,"crs":null,"position":[50.0,-20.0]},{"id":66,"crs":null,"position":[70.0,-20.0]},{"id":67,"crs":null,"position":[90.0,-20.0]},{"id":68,"crs":null,"position":[110.0,-20.0]},{"id":69,"crs":null,"position":[130.0,-20.0]},{"id":70,"crs":null,"position":[150.0,-20.0]},{"id":71,"crs":null,"position":[170.0,-20.0]},{"id":72,"crs":null,"position":[-170.0,0.0]},{"id":73,"crs":null,"position":[-150.0,0.0]},{"id":74,"crs":null,"position":[-130.0,0.0]},{"id":75,"crs":null,"position":[-110.0,0.0]},{"id":76,"crs":null,"position":[-90.0,0.0]},{"id":77,"crs":null,"position":[-70.0,0.0]},{"id":78,"crs":null,"position":[-50.0,0.0]},{"id":79,"crs":null,"position":[-30.0,0.0]},{"id":80,"crs":null,"position":[-10.0,0.0]},{"id":81,"crs":null,"position":[10.0,0.0]},{"id":82,"crs":null,"position":[30.0,0.0]},{"id":83,"crs":null,"position":[50.0,0.0]},{"id":84,"crs":null,"position":[70.0,0.0]},{"id":85,"crs":null,"position":[90.0,0.0]},{"id":86,"crs":null,"position":[110.0,0.0]},{"id":87,"crs":null,"position":[130.0,0.0]},{"id":88,"crs":null,"position":[150.0,0.0]},{"id":89,"crs":null,"position":[170.0,0.0]},{"id":90,"crs":null,"position":[-170.0,20.0]},{"id":91,"crs":null,"position":[-150.0,20.0]},{"id":92,"crs":null,"position":[-130.0,20.0]},{"id":93,"crs":null,"position":[-110.0,20.0]},{"id":94,"crs":null,"position":[-90.0,20.0]},{"id":95,"crs":null,"position":[-70.0,20.0]},{"id":96,"crs":null,"position":[-50.0,20.0]},{"id":97,"crs":null,"position":[-30.0,20.0]},{"id":98,"crs":null,"position":[-10.0,20.0]},{"id":99,"crs":null,"position":[10.0,20.0]},{"id":100,"crs":null,"position":[30.0,20.0]},{"id":101,"crs":null,"position":[50.0,20.0]},{"id":102,"crs":null,"position":[70.0,20.0]},{"id":103,"crs":null,"position":[90.0,20.0]},{"id":104,"crs":null,"position":[110.0,20.0]},{"id":105,"crs":null,"position":[130.0,20.0]},{"id":106,"crs":null,"position":[150.0,20.0]},{"id":107,"crs":null,"position":[170.0,20.0]},{"id":108,"crs":null,"position":[-170.0,40.0]},{"id":109,"crs":null,"position":[-150.0,40.0]},{"id":110,"crs":null,"position":[-130.0,40.0]},{"id":111,"crs":null,"position":[-110.0,40.0]},{"id":112,"crs":null,"position":[-90.0,40.0]},{"id":113,"crs":null,"position":[-70.0,40.0]},{"id":114,"crs":null,"position":[-50.0,40.0]},{"id":115,"crs":null,"position":[-30.0,40.0]},{"id":116,"crs":null,"position":[-10.0,40.0]},{"id":117,"crs":null,"position":[10.0,40.0]},{"id":118,"crs":null,"position":[30.0,40.0]},{"id":119,"crs":null,"position":[50.0,40.0]},{"id":120,"crs":null,"position":[70.0,40.0]},{"id":121,"crs":null,"position":[90.0,40.0]},{"id":122,"crs":null,"position":[110.0,40.0]},{"id":123,"crs":null,"position":[130.0,40.0]},{"id":124,"crs":null,"position":[150.0,40.0]},{"id":125,"crs":null,"position":[170.0,40.0]}],"payload_ids":["FireSat-Sensor"],"propagation_records":null,"target_records":[{"target_id":36,"samples":[]},{"target_id":37,"samples":[]},{"target_id":38,"samples":[]},{"target_id":39,"samples":[]},{"target_id":40,"samples":[]},{"target_id":41,"samples":[]},{"target_id":42,"samples":[]},{"target_id":43,"samples":[]},{"target_id":44,"samples":[]},{"target_id":45,"samples":[]},{"target_id":46,"samples":[]},{"target_id":47,"samples":[]},{"target_id":48,"samples":[]},{"target_id":49,"samples":[]},{"target_id":50,"samples":[]},{"target_id":51,"samples":[]},{"target_id":52,"samples":[]},{"target_id":53,"samples":[]},{"target_id":54,"samples":[]},{"target_id":55,"samples":[]},{"target_id":56,"samples":[]},{"target_id":57,"samples":[{"satellite_id":"sat-2","instrument_id":"FireSat-Sensor","start":"2024-01-01T00:12:52.042135Z","duration":"PT25.645164S"}]},{"target_id":58,"samples":[]},{"target_id":59,"samples":[]},{"target_id":60,"samples":[]},{"target_id":61,"samples":[]},{"target_id":62,"samples":[]},{"target_id":63,"samples":[]},{"target_id":64,"samples":[]},{"target_id":65,"samples":[]},{"target_id":66,"samples":[]},{"target_id":67,"samples":[]},{"target_id":68,"samples":[{"satellite_id":"sat-0","instrument_id":"FireSat-Sensor","start":"2024-01-01T00:04:46.971662Z","duration":"PT52.794363S"}]},{"target_id":69,"samples":[]},{"target_id":70,"samples":[]},{"target_id":71,"samples":[]},{"target_id":72,"samples":[]},{"target_id":73,"samples":[{"satellite_id":"sat-2","instrument_id":"FireSat-Sensor","start":"2024-01-01T00:00:10.865857Z","duration":"PT59.868515S"}]},{"target_id":74,"samples":[]},{"target_id":75,"samples":[]},{"target_id":76,"samples":[]},{"target_id":77,"samples":[]},{"target_id":78,"samples":[]},{"target_id":79,"samples":[]},{"target_id":80,"samples":[]},{"target_id":81,"samples":[]},{"target_id":82,"samples":[]},{"target_id":83,"samples":[]},{"target_id":84,"samples":[]},{"target_id":85,"samples":[]},{"target_id":86,"samples":[]},{"target_id":87,"samples":[]},{"target_id":88,"samples":[]},{"target_id":89,"samples":[]},{"target_id":90,"samples":[]},{"target_id":91,"samples":[]},{"target_id":92,"samples":[]},{"target_id":93,"samples":[]},{"target_id":94,"samples":[]},{"target_id":95,"samples":[]},{"target_id":96,"samples":[]},{"target_id":97,"samples":[]},{"target_id":98,"samples":[]},{"target_id":99,"samples":[]},{"target_id":100,"samples":[]},{"target_id":101,"samples":[{"satellite_id":"sat-1","instrument_id":"FireSat-Sensor","start":"2024-01-01T00:22:03.975573Z","duration":"PT21.132816S"}]},{"target_id":102,"samples":[]},{"target_id":103,"samples":[]},{"target_id":104,"samples":[]},{"target_id":105,"samples":[]},{"target_id":106,"samples":[]},{"target_id":107,"samples":[]},{"target_id":108,"samples":[]},{"target_id":109,"samples":[]},{"target_id":110,"samples":[]},{"target_id":111,"samples":[]},{"target_id":112,"samples":[]},{"target_id":113,"samples":[]},{"target_id":114,"samples":[]},{"target_id":115,"samples":[]},{"target_id":116,"samples":[]},{"target_id":117,"samples":[]},{"target_id":118,"samples":[]},{"target_id":119,"samples":[]},{"target_id":120,"samples":[]},{"target_id":121,"samples":[]},{"target_id":122,"samples":[]},{"target_id":123,"samples":[]},{"target_id":124,"samples":[]},{"target_id":125,"samples":[]}]}'], 'workflow_id': 0}
2024-10-29 15:24:07,709 - DEBUG - Requesting dependency OrbitPropagation from http://localhost:5000/tatc/OrbitPropagation
2024-10-29 15:24:08,130 - DEBUG - Received result for dependency OrbitPropagation: {'evaluator': 'TAT-C', 'function': 'OrbitPropagation', 'results': ['{"propagator":"sgp4","frame":"ICRF","satellite_records":[{"satellite_id":"sat-0","samples":[{"time":"2024-01-01T00:00:00Z","position":[-6134409.079567125,-1231951.8534914926,-3092167.3198348824],"velocity":[608.086868190113,-7334.892915877879,1718.5461713170905]},{"time":"2024-01-01T00:01:00Z","position":[-6085006.827376665,-1669137.1639758474,-2982584.870436252],"velocity":[1038.0848291308214,-7232.804198593319,1932.8980966766517]},{"time":"2024-01-01T00:02:00Z","position":[-6009925.388042789,-2099278.5825733123,-2860381.3279244513],"velocity":[1463.7579797651067,-7100.177151340405,2139.0983733595913]},{"time":"2024-01-01T00:03:00Z","position":[-5909478.149697369,-2520559.671900733,-2726072.1561823953],"velocity":[1883.3128545831037,-6937.561878690374,2336.274199156843]},{"time":"2024-01-01T00:04:00Z","position":[-5784085.419078218,-2931200.798467653,-2580224.0892552477],"velocity":[2294.9801882130982,-6745.634689820677,2523.5900123190177]},{"time":"2024-01-01T00:05:00Z","position":[-5634272.747699701,-3329466.6299715913,-2423452.7897768915],"velocity":[2697.022318226366,-6525.195565072226,2700.2510541351694]},{"time":"2024-01-01T00:06:00Z","position":[-5460668.8159164805,-3713673.4667161945,-2256420.297301241],"velocity":[3087.740507706081,-6277.165100297035,2865.5067876829303]},{"time":"2024-01-01T00:07:00Z","position":[-5264002.880020146,-4082196.375570052,-2079832.2754237168],"velocity":[3465.482156153368,-6002.580930772509,3018.6541558251356]},{"time":"2024-01-01T00:08:00Z","position":[-5045101.792274733,-4433476.09079445,-1894435.0699530595],"velocity":[3828.647861591288,-5702.593643000702,3159.0406596920006]},{"time":"2024-01-01T00:09:00Z","position":[-4804886.601722078,-4766025.656138614,-1701012.587392412],"velocity":[4175.698305528461,-5378.462179837167,3286.0672431311787]},{"time":"2024-01-01T00:10:00Z","position":[-4544368.747658545,-5078436.776700434,-1500383.0063170814],"velocity":[4505.160925208867,-5031.54875073368,3399.1909659164276]},{"time":"2024-01-01T00:11:00Z","position":[-4264645.860202126,-5369385.850351102,-1293395.3353729718],"velocity":[4815.636337645003,-4663.313262845382,3497.9274493161697]},{"time":"2024-01-01T00:12:00Z","position":[-3966897.1850045132,-5637639.649870423,-1080925.8327887391],"velocity":[5105.804480213477,-4275.307293002356,3581.8530786167394]},{"time":"2024-01-01T00:13:00Z","position":[-3652378.6465382096,-5882060.632458211,-863874.2998261674],"velocity":[5374.430437655004,-3869.1676181150656,3650.606949505298]},{"time":"2024-01-01T00:14:00Z","position":[-3322417.573057378,-6101611.847234666,-643160.2664293725],"velocity":[5620.369918242982,-3446.609334056629,3703.8925437676435]},{"time":"2024-01-01T00:15:00Z","position":[-2978407.1056540566,-6295361.417491054,-419719.085789704],"velocity":[5842.574347829339,-3009.4185930194762,3741.47912299431]},{"time":"2024-01-01T00:16:00Z","position":[-2621800.3109963993,-6462486.578361992,-194497.95224832775],"velocity":[6040.095554691333,-2559.4449868487163,3763.2028308157915]},{"time":"2024-01-01T00:17:00Z","position":[-2254104.028213978,-6602277.246463807,31548.136371279492],"velocity":[6212.090013385092,-2098.59361873361,3768.967494460496]},{"time":"2024-01-01T00:18:00Z","position":[-1876872.4740340859,-6714139.105971891,257460.45587844573],"velocity":[6357.822624725383,-1628.8168982566042,3758.7451198700373]},{"time":"2024-01-01T00:19:00Z","position":[-1491700.6357454539,-6797596.19510467,482280.6530967818],"velocity":[6476.6700087492145,-1152.106102459676,3732.576075918106]},{"time":"2024-01-01T00:20:00Z","position":[-1100217.4818319276,-6852292.980334063,705054.8448333348],"velocity":[6568.123291682044,-670.48274633724,3690.5689656774953]},{"time":"2024-01-01T00:21:00Z","position":[-704079.0198857959,-6877995.908329294,924837.700382634],"velocity":[6631.7903716058945,-185.9898061516672,3632.9001846716246]},{"time":"2024-01-01T00:22:00Z","position":[-304961.237180721,-6874594.427857322,1140696.4868130863],"velocity":[6667.397650251247,299.3171539531467,3559.813168867419]},{"time":"2024-01-01T00:23:00Z","position":[95447.05000585274,-6842101.477645154,1351715.0620124117],"velocity":[6674.791224078428,783.3789131978265,3471.6173360735115]},{"time":"2024-01-01T00:24:00Z","position":[495451.39951007237,-6780653.437730902,1556997.7938622418],"velocity":[6653.937529211013,1264.1415293335374,3368.686728040347]},{"time":"2024-01-01T00:25:00Z","position":[893358.9697676282,-6690509.54561018,1755673.3898849112],"velocity":[6604.923440508196,1739.5652364637733,3251.4583612670244]},{"time":"2024-01-01T00:26:00Z","position":[1287485.7357413133,-6572050.780702015,1946898.6194881164],"velocity":[6527.955827755223,2207.6332592557906,3120.430296945316]},{"time":"2024-01-01T00:27:00Z","position":[1676163.6620776372,-6425778.223450923,2129861.9123720657],"velocity":[6423.360575704933,2666.360500507756,2976.159441919463]},{"time":"2024-01-01T00:28:00Z","position":[2057747.8015947745,-6252310.897911376,2303786.81731738],"velocity":[6291.581077907929,3113.8020607074877,2819.259093981563]},{"time":"2024-01-01T00:29:00Z","position":[2430623.2879008395,-6052383.109085407,2467935.306396415],"velocity":[6133.17621720969,3548.061550449264,2650.3962460295693]},{"time":"2024-01-01T00:30:00Z","position":[2793212.191941949,-5826841.28846265,2621610.9106216226],"velocity":[5948.817848326169,3967.29915922992,2470.2886645060407]},{"time":"2024-01-01T00:31:00Z","position":[3143980.211862878,-5576640.36430582,2764161.6734067225],"velocity":[5739.28780096859,4369.73944517723,2279.7017590374253]},{"time":"2024-01-01T00:32:00Z","position":[3481443.172227833,-5302839.671401086,2894982.911505864],"velocity":[5505.474420738489,4753.67881941064,2079.4452577897723]},{"time":"2024-01-01T00:33:00Z","position":[3804173.297816493,-5006598.425007496,3013519.7691472033],"velocity":[5248.368673374873,5117.49268766297,1870.3697097332245]},{"time":"2024-01-01T00:34:00Z","position":[4110805.2440456557,-4689170.775064379,3119269.558580379],"velocity":[4969.059830594761,5459.642232444663,1653.362827092993]},{"time":"2024-01-01T00:35:00Z","position":[4400041.856940013,-4351900.464177333,3211783.8767506904],"velocity":[4668.730761438278,5778.680809502092,1429.3456861798898]},{"time":"2024-01-01T00:36:00Z","position":[4670659.636991133,-3996215.116460231,3290670.489297985],"velocity":[4348.652855796974,6073.259935047856,1199.2688057552791]},{"time":"2024-01-01T00:37:00Z","position":[4921513.889354662,-3623620.178571369,3355594.976393534],"velocity":[4010.180601037961,6342.134849979915,964.1081171143758]},{"time":"2024-01-01T00:38:00Z","position":[5151543.539098306,-3235692.539602582,3406282.1339476216],"velocity":[3654.7458364434856,6584.16964347464,724.8608428400802]},{"time":"2024-01-01T00:39:00Z","position":[5359775.592209125,-2834073.8576731267,3442517.1250438397],"velocity":[3283.8517104911175,6798.341920833806,482.54130086010264]},{"time":"2024-01-01T00:40:00Z","position":[5545329.224847937,-2420463.6224727295,3464146.3776990687],"velocity":[2899.066366499156,6983.747002476222,238.17665030750365]},{"time":"2024-01-01T00:41:00Z","position":[5707419.487860967,-1996611.9770103684,3471078.226362313],"velocity":[2502.01637579532,7139.60164536571,-7.197408627106392]},{"time":"2024-01-01T00:42:00Z","position":[5845360.609421624,-1564312.332403006,3463283.294342757],"velocity":[2094.3799465926304,7265.247273442919,-252.54096288056502]},{"time":"2024-01-01T00:43:00Z","position":[5958568.883665904,-1125393.8056212098,3440794.6163117923],"velocity":[1677.8799326835178,7360.1527084222735,-496.8142279064407]},{"time":"2024-01-01T00:44:00Z","position":[6046565.135594501,-681713.5049210805,3403707.500332364],"velocity":[1254.276660662627,7423.916393710389,-738.9818906347739]},{"time":"2024-01-01T00:45:00Z","position":[6108976.750040172,-235148.70018837348,3352179.1299070963],"velocity":[825.3606059306802,7456.26810128665,-978.0174355540485]},{"time":"2024-01-01T00:46:00Z","position":[6145539.25761996,212411.09471541637,3286427.9073706046],"velocity":[392.9449381650839,7457.070115461421,-1212.9074414257962]},{"time":"2024-01-01T00:47:00Z","position":[6156097.470175206,659072.0945822551,3206732.54085471],"velocity":[-41.14203729345041,7426.317886335335,-1442.655832798642]},{"time":"2024-01-01T00:48:00Z","position":[6140606.160293129,1102944.2387907512,3113430.8779319017],"velocity":[-475.0645165680043,7364.140147085904,-1666.2880711955381]},{"time":"2024-01-01T00:49:00Z","position":[6099130.280980776,1542149.1781604756,3006918.489984197],"velocity":[-906.9868860389071,7270.798490062645,-1882.8552703037703]},{"time":"2024-01-01T00:50:00Z","position":[6031844.723211301,1974828.2201593134,2887647.012285878],"velocity":[-1335.0814349896307,7146.686397828636,-2091.4382191744526]},{"time":"2024-01-01T00:51:00Z","position":[5939033.610710323,2399150.1998636895,2756122.2457050504],"velocity":[-1757.5360633106334,6992.327726603748,-2291.1512971425973]},{"time":"2024-01-01T00:52:00Z","position":[5821089.133500892,2813319.2424544124,2612902.0274258372],"velocity":[-2172.5619527609456,6808.374641856545,-2481.1462631380114]},{"time":"2024-01-01T00:53:00Z","position":[5678509.922247659,3215582.388302253,2458593.877394064],"velocity":[-2578.4011743574615,6595.605005658619,-2660.6159042321424]},{"time":"2024-01-01T00:54:00Z","position":[5511898.9699240755,3604237.0414784313,2293852.4315981297],"velocity":[-2973.33419299733,6354.919221849833,-2828.797523283151]},{"time":"2024-01-01T00:55:00Z","position":[5321961.106637594,3977638.214600898,2119376.6706447056],"velocity":[-3355.6872411725535,6087.336543276361,-2984.9762510354662]},{"time":"2024-01-01T00:56:00Z","position":[5109500.0358990785,4334205.537628958,1935906.9544523724],"velocity":[-3723.8395271858176,5793.990849320986,-3128.4881653081275]},{"time":"2024-01-01T00:57:00Z","position":[4875414.945739369,4672429.994716514,1744221.8773484994],"velocity":[-4076.230238392852,5476.12590918888,-3258.7231986677566]},{"time":"2024-01-01T00:58:00Z","position":[4620696.705726224,4990880.363465886,1545134.9546450942],"velocity":[-4411.365309341709,5135.0901434277785,-3375.1278204997907]},{"time":"2024-01-01T00:59:00Z","position":[4346423.665355466,5288209.325611259,1339491.1551825553],"velocity":[-4727.823918366977,4772.330903080625,-3477.2074773293984]},{"time":"2024-01-01T01:00:00Z","position":[4053757.0718204104,5563159.219940058,1128163.295368826],"velocity":[-5024.264677164674,4389.388289923171,-3564.5287765715193]}]},{"satellite_id":"sat-1","samples":[{"time":"2024-01-01T00:00:00Z","position":[2778103.366245238,5691449.773433091,2917292.9615608365],"velocity":[-6901.580245130442,2302.325378010432,2073.4991132881614]},{"time":"2024-01-01T00:01:00Z","position":[2358420.657823511,5817449.58140668,3035425.9988849196],"velocity":[-7082.845983580781,1896.1853914286785,1862.860234170561]},{"time":"2024-01-01T00:02:00Z","position":[1928757.7853575656,5918831.816647695,3140679.1038593366],"velocity":[-7234.135307931372,1482.031307972024,1644.3222865955258]},{"time":"2024-01-01T00:03:00Z","position":[1490933.1428446677,5995168.069287984,3232606.00355424],"velocity":[-7354.809548605073,1061.6157804517968,1418.8127955726377]},{"time":"2024-01-01T00:04:00Z","position":[1046799.5640407751,6046135.904357807,3310816.976105264],"velocity":[-7444.359662902262,636.7174068578742,1187.2885605583976]},{"time":"2024-01-01T00:05:00Z","position":[598236.4835521725,6071520.19359097,3374980.4852501163],"velocity":[-7502.40824545315,209.13324447007994,950.7316023503553]},{"time":"2024-01-01T00:06:00Z","position":[147141.9919677765,6071213.9968845,3424824.56930022],"velocity":[-7528.710996871082,-219.3287294617382,710.1450188736586]},{"time":"2024-01-01T00:07:00Z","position":[-304575.1825824203,6045218.990442854,3460137.9792720433],"velocity":[-7523.157649651761,-646.8571826897049,466.54876569923493]},{"time":"2024-01-01T00:08:00Z","position":[-755003.7283738342,5993645.4410521835,3480771.0616584304],"velocity":[-7485.772352231338,-1071.6449862704458,220.97537988794537]},{"time":"2024-01-01T00:09:00Z","position":[-1202237.8128783978,5916711.72778958,3486636.3836409966],"velocity":[-7416.713514136043,-1491.8967453825535,-25.534340556976808]},{"time":"2024-01-01T00:10:00Z","position":[-1644385.1206722504,5814743.413268126,3477709.098215617],"velocity":[-7316.273114648551,-1905.836275530835,-271.9356858488064]},{"time":"2024-01-01T00:11:00Z","position":[-2079574.8332234437,5688171.868626527,3454027.0479479427],"velocity":[-7184.875478903554,-2311.7139977634956,-517.1843966687918]},{"time":"2024-01-01T00:12:00Z","position":[-2505965.517478847,5537532.458580067,3415690.607283822],"velocity":[-7023.075526768059,-2707.814226745405,-760.2410239690435]},{"time":"2024-01-01T00:13:00Z","position":[-2921752.897228954,5363462.292003721,3362862.263633032],"velocity":[-6831.5564980671425,-3092.462331931498,-1000.07527461249]},{"time":"2024-01-01T00:14:00Z","position":[-3325177.4707626095,5166697.547763507,3295765.938689493],"velocity":[-6611.127161277469,-3464.0317419359585,-1235.670324973692]},{"time":"2024-01-01T00:15:00Z","position":[-3714531.9441956384,4948070.386555735,3214686.052690708],"velocity":[-6362.7185134808315,-3820.9507672017994,-1466.0270873811835]},{"time":"2024-01-01T00:16:00Z","position":[-4088168.4553047246,4708505.457713412,3119966.3339007064],"velocity":[-6087.379976642869,-4161.709220360193,-1690.1684170025069]},{"time":"2024-01-01T00:17:00Z","position":[-4444505.551727564,4449016.016956551,3012008.3783778567],"velocity":[-5786.275102725403,-4484.864802758943,-1907.1432397317947]},{"time":"2024-01-01T00:18:00Z","position":[-4782034.89817098,4170699.66797351,2891269.964539157],"velocity":[-5460.676796541844,-4789.049234709129,-2116.030587175624]},{"time":"2024-01-01T00:19:00Z","position":[-5099327.68279132,3874733.7446316164,2758263.12877699],"velocity":[-5111.962069694637,-5072.974101946616,-2315.943521453104]},{"time":"2024-01-01T00:20:00Z","position":[-5395040.695073319,3562370.351679095,2613552.0092466585],"velocity":[-4741.60634046498,-5335.4363918843765,-2506.0329329647175]},{"time":"2024-01-01T00:21:00Z","position":[-5667922.049319011,3234931.082325646,2457750.4654696193],"velocity":[-4351.177295612701,-5575.323693968183,-2685.4911945683925]},{"time":"2024-01-01T00:22:00Z","position":[-5916816.525393554,2893801.4366923696,2291519.4843244776],"velocity":[-3942.32833741191,-5791.619035516129,-2853.5556531362777]},{"time":"2024-01-01T00:23:00Z","position":[-6140670.506772668,2540424.958655947,2115564.3802918773],"velocity":[-3516.7916324911025,-5983.405331229172,-3009.5119440734024]},{"time":"2024-01-01T00:24:00Z","position":[-6338536.488466429,2176297.1201692764,1930631.8035685369],"velocity":[-3076.370793900239,-6149.869417492166,-3152.69710875387]},{"time":"2024-01-01T00:25:00Z","position":[-6509577.136143046,1802958.975582949,1737506.5669369474],"velocity":[-2622.933221299322,-6290.305650047649,-3282.502499803505]},{"time":"2024-01-01T00:26:00Z","position":[-6653068.8760201195,1421990.613888436,1537008.30515342],"velocity":[-2158.4021319492845,-6404.11904200298,-3398.376457410996]},{"time":"2024-01-01T00:27:00Z","position":[-6768404.998094707,1035004.4369347811,1329987.981038689],"velocity":[-1684.7483167756286,-6490.827921941674,-3499.826741294358]},{"time":"2024-01-01T00:28:00Z","position":[-6855098.2573159505,643638.2929773644,1117324.2534119694],"velocity":[-1203.9816587617304,-6550.066094076281,-3586.4227038881345]},{"time":"2024-01-01T00:29:00Z","position":[-6912782.959627692,249548.4959139526,899919.722837476],"velocity":[-718.1424535114209,-6581.58448502702,-3657.797191557617]},{"time":"2024-01-01T00:30:00Z","position":[-6941216.522281759,-145597.23876238134,678697.0717852907],"velocity":[-229.29257390611946,-6585.252264773822,-3713.6481621318967]},{"time":"2024-01-01T00:31:00Z","position":[-6940280.500375394,-540126.9080392465,454595.117350334],"velocity":[260.49347533040185,-6561.057432649078,-3753.7400085205777]},{"time":"2024-01-01T00:32:00Z","position":[-6909981.0743959695,-932371.357953814,228564.79171406827],"velocity":[749.1375734894248,-6509.106862499119,-3777.9045807256325]},{"time":"2024-01-01T00:33:00Z","position":[-6850448.996017322,-1320671.4014687382,1565.0735416424707],"velocity":[1234.5670128135248,-6429.625805320851,-3786.041898997805]},{"time":"2024-01-01T00:34:00Z","position":[-6761938.99285329,-1703384.8936260375,-225441.1158690215],"velocity":[1714.7235039145753,-6322.956851067858,-3778.1205550967143]},{"time":"2024-01-01T00:35:00Z","position":[-6644828.634349687,-2078893.7291020215,-451491.03154759965],"velocity":[2187.5721074177422,-6189.558354515661,-3754.1777989262364]},{"time":"2024-01-01T00:36:00Z","position":[-6499616.666216267,-2445610.7256995444,-675626.2173380036],"velocity":[2651.110039471635,-6030.00233627115,-3714.319311104346]},{"time":"2024-01-01T00:37:00Z","position":[-6326920.820479619,-2801986.3698335094,-896896.5974407988],"velocity":[3103.375314713464,-5844.971870065526,-3658.7186638030526]},{"time":"2024-01-01T00:38:00Z","position":[-6127475.11333394,-3146515.389008864,-1114364.5257237118],"velocity":[3542.4551769186855,-5635.257973961764,-3587.616474412882]},{"time":"2024-01-01T00:39:00Z","position":[-5902126.644342036,-3477743.1236106735,-1327108.7754962083],"velocity":[3966.4942774291885,-5401.756024850804,-3501.31925865897]},{"time":"2024-01-01T00:40:00Z","position":[-5651831.914703545,-3794271.668183853,-1534228.450763241],"velocity":[4373.702559610134,-5145.461720391166,-3400.1979923135955]},{"time":"2024-01-01T00:41:00Z","position":[-5377652.68031777,-4094765.7600685353,-1734846.8045376951],"velocity":[4762.3628184422705,-4867.466610707399,-3284.686390803556]},{"time":"2024-01-01T00:42:00Z","position":[-5080751.36272237,-4377958.386281325,-1928114.945015201],"velocity":[5130.837896589577,-4568.953229842897,-3155.2789195380687]},{"time":"2024-01-01T00:43:00Z","position":[-4762386.041195555,-4642656.085892294,-2113215.4139903504],"velocity":[5477.577487535777,-4251.18985683787,-3012.528548745175]},{"time":"2024-01-01T00:44:00Z","position":[-4423905.046510148,-4887743.930023717,-2289365.624954636],"velocity":[5801.124523976018,-3915.524933179068,-2857.0442656855967]},{"time":"2024-01-01T00:45:00Z","position":[-4066741.1864906754,-5112190.1555278255,-2455821.1438179766],"velocity":[6100.121122914767,-3563.381172490188,-2689.488361584425]},{"time":"2024-01-01T00:46:00Z","position":[-3692405.6277341205,-5315050.437468314,-2611878.800973475],"velocity":[6373.314071760778,-3196.2493916732624,-2510.573508272588]},{"time":"2024-01-01T00:47:00Z","position":[-3302481.4624850824,-5495471.783795372,-2756879.6219471185],"velocity":[6619.55983841861,-2815.682096389244,-2321.059641503336]},{"time":"2024-01-01T00:48:00Z","position":[-2898616.989493885,-5652696.038559341,-2890211.5655823126],"velocity":[6837.829093000884,-2423.286852449607,-2121.7506676930734]},{"time":"2024-01-01T00:49:00Z","position":[-2482518.7384713744,-5786062.981765571,-3011312.0596439205],"velocity":[7027.210731661468,-2020.7194742150577,-1913.491010897116]},{"time":"2024-01-01T00:50:00Z","position":[-2055944.2682506368,-5895013.0158109125,-3119670.324738954],"velocity":[7186.915395800291,-1609.6770602504475,-1697.1620166642388]},{"time":"2024-01-01T00:51:00Z","position":[-1620694.7688896486,-5979089.430261356,-3214829.47849718],"velocity":[7316.2784823815355,-1191.890905237319,-1473.6782289831585]},{"time":"2024-01-01T00:52:00Z","position":[-1178607.499723381,-6037940.238186048,-3296388.412615006],"velocity":[7414.762642781905,-769.1193174819654,-1243.9835569070472]},{"time":"2024-01-01T00:53:00Z","position":[-731548.0899399328,-6071319.57980423,-3364003.437425089],"velocity":[7481.959770751711,-343.1403648320025,-1009.0473440728473]},{"time":"2024-01-01T00:54:00Z","position":[-281402.7390420125,-6079088.688970833,-3417389.687372109],"velocity":[7517.59247860535,84.25541907336836,-769.8603593346329]},{"time":"2024-01-01T00:55:00Z","position":[169929.65765641478,-6061216.421782124,-3456322.2842513844],"velocity":[7521.515065313403,511.27234911216954,-527.4307199310489]},{"time":"2024-01-01T00:56:00Z","position":[620545.4282358389,-6017779.346149011,-3480637.2542775],"velocity":[7493.713978320942,936.1169004129637,-282.7797606709587]},{"time":"2024-01-01T00:57:00Z","position":[1068544.052216956,-5948961.393540031,-3490232.1957838116],"velocity":[7434.307772313285,1357.0049898637935,-36.93786531943537]},{"time":"2024-01-01T00:58:00Z","position":[1512036.0731636628,-5855053.075243079,-3485066.696263737],"velocity":[7343.546568904484,1772.1692112490425,209.0597300965633]},{"time":"2024-01-01T00:59:00Z","position":[1949150.9645366014,-5736450.266292391,-3465162.497151265],"velocity":[7221.811020382779,2179.8660014641796,454.17714881860115]},{"time":"2024-01-01T01:00:00Z","position":[2378044.9179634373,-5593652.562041769,-3430603.405824124],"velocity":[7069.610781481333,2578.3827157988935,697.3820866943729]}]},{"satellite_id":"sat-2","samples":[{"time":"2024-01-01T00:00:00Z","position":[4329626.681447981,-5467843.627467923,164319.87808921584],"velocity":[5188.278788763856,3989.0728981859106,-3790.8656573458225]},{"time":"2024-01-01T00:01:00Z","position":[4631547.263416168,-5217102.434892219,-63320.84955737294],"velocity":[4872.158977041609,4366.001509617057,-3794.4402028247514]},{"time":"2024-01-01T00:02:00Z","position":[4913876.390185887,-4944292.899606012,-290693.14206766395],"velocity":[4535.465072827286,4724.422656690146,-3781.9213439543164]},{"time":"2024-01-01T00:03:00Z","position":[5175422.160941393,-4650571.363294735,-516832.75649982603],"velocity":[4179.629404066581,5062.820686316809,-3753.3659228514675]},{"time":"2024-01-01T00:04:00Z","position":[5415081.073540909,-4337182.554880066,-740780.9172523437],"velocity":[3806.1651168947765,5379.766034211717,-3708.8992590572766]},{"time":"2024-01-01T00:05:00Z","position":[5631842.674688671,-4005454.241373424,-961588.40616058],"velocity":[3416.659523576096,5673.92131262381,-3648.714522825326]},{"time":"2024-01-01T00:06:00Z","position":[5824793.802487827,-3656791.525405287,-1178319.606784383],"velocity":[3012.767133231497,5944.046962895719,-3573.07180205416]},{"time":"2024-01-01T00:07:00Z","position":[5993122.40292616,-3292670.8158803466,-1390056.484661152],"velocity":[2596.2024032246313,6189.0064466252925,-3482.2968696026323]},{"time":"2024-01-01T00:08:00Z","position":[6136120.902508197,-2914633.5044461284,-1595902.4832324088],"velocity":[2168.7322556863005,6407.7709502532525,-3376.7796610364003]},{"time":"2024-01-01T00:09:00Z","position":[6253189.126679671,-2524279.373204404,-1794986.3211330844],"velocity":[1732.1683945067098,6599.4235886325305,-3256.97247290088]},{"time":"2024-01-01T00:10:00Z","position":[6343836.752350421,-2123259.7650803975,-1986465.6736815816],"velocity":[1288.3594642939581,6763.16309198365,-3123.387893906074]},{"time":"2024-01-01T00:11:00Z","position":[6407685.285883489,-1713270.5492256593,-2169530.7223697114],"velocity":[839.183092669346,6898.306965112626,-2976.5964830700127]},{"time":"2024-01-01T00:12:00Z","position":[6444469.560878537,-1296044.9147453653,-2343407.557108081],"velocity":[386.5378569008048,7004.294112027736,-2817.224210337919]},{"time":"2024-01-01T00:13:00Z","position":[6454038.753055412,-873346.0197499268,-2507361.4196609305],"velocity":[-67.66479238495081,7080.6869243267765,-2645.94967356674]},{"time":"2024-01-01T00:14:00Z","position":[6436356.9098501485,-446959.5328450187,-2660699.7730259313],"velocity":[-521.5086080780155,7127.172831241817,-2463.5011098322097]},{"time":"2024-01-01T00:15:00Z","position":[6391502.996423697,-18686.0994232846,-2802775.1851165923],"velocity":[-973.0805887326247,7143.5653150610915,-2270.6532181595876]},{"time":"2024-01-01T00:16:00Z","position":[6319670.460775127,409666.24069817376,-2932988.017755837],"velocity":[-1420.4789583900658,7129.80439794522,-2068.2238082697095]},{"time":"2024-01-01T00:17:00Z","position":[6221166.322993227,836289.6462918351,-3050788.9087123033],"velocity":[-1861.8210459100842,7085.956607029677,-1857.0702949400857]},{"time":"2024-01-01T00:18:00Z","position":[6096409.795355961,1259384.0513716473,-3155681.0394258555],"velocity":[-2295.251038957828,7012.214428069197,-1638.0860529969043]},{"time":"2024-01-01T00:19:00Z","position":[5945930.44172143,1677164.6937717837,-3247222.180082161],"velocity":[-2718.9475842221364,6908.895258623399,-1412.19664981719]},{"time":"2024-01-01T00:20:00Z","position":[5770365.88627874,2087869.5659899386,-3325026.5052148085],"velocity":[-3131.131208936368,6776.439873224144,-1180.3559712175518]},{"time":"2024-01-01T00:21:00Z","position":[5570459.082491586,2489766.760670938,-3388766.174139655],"velocity":[-3530.071541946522,6615.410413227369,-943.5422553079003]},{"time":"2024-01-01T00:22:00Z","position":[5347055.156744054,2881161.6788187595,-3438172.6705527473],"velocity":[-3914.0943092152606,6426.48791642015,-702.7540512352587]},{"time":"2024-01-01T00:23:00Z","position":[5101097.8377310755,3260404.0798328137,-3473037.8982625147],"velocity":[-4281.588090323368,6210.469398056731,-459.00611331363814]},{"time":"2024-01-01T00:24:00Z","position":[4833625.489615156,3625894.9406480216,-3493215.0286545292],"velocity":[-4631.010811148416,5968.26449964997,-213.32524777647436]},{"time":"2024-01-01T00:25:00Z","position":[4545766.763560403,3976093.101996326,-3498619.0980410185],"velocity":[-4960.895958788872,5700.891718321017,33.25387674905869]},{"time":"2024-01-01T00:26:00Z","position":[4238735.88461033,4309521.67679968,-3489227.3529502754],"velocity":[-5269.85850162061,5409.47423030271,279.6929422693107]},{"time":"2024-01-01T00:27:00Z","position":[3913827.594003218,4624774.19462183,-3465079.342374809],"velocity":[-5556.600496136236,5095.235324184983,524.9542038807665]},{"time":"2024-01-01T00:28:00Z","position":[3572411.7635158286,4920520.462264413,-3426276.756772176],"velocity":[-5819.916367472029,4759.493455294642,768.0047115008572]},{"time":"2024-01-01T00:29:00Z","position":[3215927.7038681144,5195512.115918543,-3372983.0142375217],"velocity":[-6058.697845397392,4403.656936853194,1007.8205168385492]},{"time":"2024-01-01T00:30:00Z","position":[2845878.187404396,5448587.844513243,-3305422.5950555443],"velocity":[-6271.938540646058,4029.2182812584224,1243.3908538129906]},{"time":"2024-01-01T00:31:00Z","position":[2463823.2085040314,5678678.262789393,-3223880.126843842],"velocity":[-6458.738144534674,3637.7482075618464,1473.722278720543]},{"time":"2024-01-01T00:32:00Z","position":[2071373.500307136,5884810.417254339,-3128699.2220998164],"velocity":[-6618.306237681986,3230.889326010513,1697.8427596756705]},{"time":"2024-01-01T00:33:00Z","position":[1670183.840027886,6066111.901163261,-3020281.0733557646],"velocity":[-6749.965686923439,2810.349524506545,1914.805696580518]},{"time":"2024-01-01T00:34:00Z","position":[1261946.1598936021,6221814.566165171,-2899082.808780283],"velocity":[-6853.15561811679,2377.895066621115,2123.693862406509]},{"time":"2024-01-01T00:35:00Z","position":[848382.4918575117,6351257.8118595965,-2765615.6135698804],"velocity":[-6927.4339461714735,1935.3434225183148,2323.623249308903]},{"time":"2024-01-01T00:36:00Z","position":[431237.77823061775,6453891.436392123,-2620442.624956974],"velocity":[-6972.479445111411,1484.5558594530137,2513.746801752678]},{"time":"2024-01-01T00:37:00Z","position":[12272.568571325162,6529278.037093728,-2464176.6057136827],"velocity":[-6988.093344457506,1027.4298069807055,2693.258024679853]},{"time":"2024-01-01T00:38:00Z","position":[-406744.36331840005,6577094.946509705,-2297477.4056190304],"velocity":[-6974.2004355800555,565.8910275324903,2861.3944477474065]},{"time":"2024-01-01T00:39:00Z","position":[-824043.4541193201,6597135.693482792,-2121049.219516383],"velocity":[-6930.849674822025,101.88561846453396,3017.440929767139]},{"time":"2024-01-01T00:40:00Z","position":[-1237861.8044511338,6589310.980033581,-1935637.6531416117],"velocity":[-6858.214271733234,-362.6281214853068,3160.732785599148]},{"time":"2024-01-01T00:41:00Z","position":[-1646450.6252794159,6553649.167033592,-1742026.6055950343],"velocity":[-6756.591251930521,-825.6879347874071,3290.65872069679]},{"time":"2024-01-01T00:42:00Z","position":[-2048082.6404224706,6490296.262741598,-1541034.982628135],"velocity":[-6626.400487095076,-1285.33591628495,3406.6635545936715]},{"time":"2024-01-01T00:43:00Z","position":[-2441059.4131635767,6399515.411852882,-1333513.2541339665],"velocity":[-6468.183188065428,-1739.6268559919401,3508.2507175045903]},{"time":"2024-01-01T00:44:00Z","position":[-2823718.569683531,6281685.883322763,-1120339.8673909092],"velocity":[-6282.599857505738,-2186.6365804864618,3594.98450594021]},{"time":"2024-01-01T00:45:00Z","position":[-3194440.8808304565,6137301.559280511,-902417.534064668],"velocity":[-6070.427705502927,-2624.470245529428,3666.4920808919715]},{"time":"2024-01-01T00:46:00Z","position":[-3551657.1739065163,5966968.928554594,-680669.404944176],"velocity":[-5832.557532133581,-3051.270542723982,3722.4651963112165]},{"time":"2024-01-01T00:47:00Z","position":[-3893855.041499102,5771404.591467767,-456035.1496036704],"velocity":[-5569.99008622882,-3465.225776518856,3762.661645460498]},{"time":"2024-01-01T00:48:00Z","position":[-4219585.316473,5551432.284931807,-229466.95814454107],"velocity":[-5283.831912985538,-3864.5777692312195,3786.9064147556987]},{"time":"2024-01-01T00:49:00Z","position":[-4527468.282939559,5307979.439438595,-1925.482811754163],"velocity":[-4975.290706965905,-4247.629551790249,3795.0925364554623]},{"time":"2024-01-01T00:50:00Z","position":[-4816199.594113669,5042073.282065888,225624.26226468693],"velocity":[-4645.670190816761,-4612.752798624443,3787.181633502649]},{"time":"2024-01-01T00:51:00Z","position":[-5084555.869418316,4754836.501934872,452217.02472826716],"velocity":[-4296.364543515302,-4958.394966515708,3763.204151883825]},{"time":"2024-01-01T00:52:00Z","position":[-5331399.9438025225,4447482.49799533,676891.4415573662],"velocity":[-3928.8524066648624,-5283.086097763315,3723.2592781483777]},{"time":"2024-01-01T00:53:00Z","position":[-5555685.747210934,4121310.227529499,898694.1537827448],"velocity":[-3544.6904960031875,-5585.445254405756,3667.5145415375787]},{"time":"2024-01-01T00:54:00Z","position":[-5756462.787672797,3777698.683178089,1116683.886098562],"velocity":[-3145.506856892692,-5864.186544568788,3596.205103154429]},{"time":"2024-01-01T00:55:00Z","position":[-5932880.22095924,3418101.020158014,1329935.475578642],"velocity":[-2732.993795161153,-6118.12471455072,3509.6327360649298]},{"time":"2024-01-01T00:56:00Z","position":[-6084190.487855003,3044038.36015212,1537543.8310514246],"velocity":[-2308.9005205262147,-6346.180278463749,3408.1645021380173]},{"time":"2024-01-01T00:57:00Z","position":[-6209752.500956243,2657093.3048035284,1738627.8026269746],"velocity":[-1875.0255467979646,-6547.384158384485,3292.231134941602]},{"time":"2024-01-01T00:58:00Z","position":[-6309034.36991488,2258903.1843516226,1932333.9467216588],"velocity":[-1433.2088839942276,-6720.881818182317,3162.3251378778755]},{"time":"2024-01-01T00:59:00Z","position":[-6381615.652967498,1851153.073266202,2117840.169066569],"velocity":[-985.32406414926,-6865.93687319826,3018.99860931695]},{"time":"2024-01-01T01:00:00Z","position":[-6427189.125678337,1435568.6058127023,2294359.2291285936],"velocity":[-533.2700427617364,-6981.9341623846585,2862.8608082612263]}]}]}'], 'workflow_id': 0}
2024-10-29 15:24:08,132 - ERROR - Error processing request: PassiveOpticalScanner instrument type is not supported by this function.
2024-10-29 15:24:08,132 - ERROR - Exception details:
Traceback (most recent call last):
  File "/root/instrupy/http_manager.py", line 136, in process_request
    result_data = self.execute_function(function_name, dependencies, architecture)
  File "/root/instrupy/http_manager.py", line 216, in execute_function
    result = function(request)
  File "/root/instrupy/instrupy_manager.py", line 128, in data_metrics_instrupy
    instru_type, instrupy_sensor = get_instrument_model(
  File "/root/instrupy/instrupy_manager.py", line 88, in get_instrument_model
    raise ValueError(
ValueError: PassiveOpticalScanner instrument type is not supported by this function.
